Component: ARM Compiler 5.05 update 2 (build 169) Tool: armlink [4d0f33]

==============================================================================

Section Cross References

    main.o(.text) refers to misc.o(.text) for NVIC_PriorityGroupConfig
    main.o(.text) refers to delay.o(.text) for delay_init
    main.o(.text) refers to stm32f4xx_rcc.o(.text) for RCC_AHB1PeriphClockCmd
    main.o(.text) refers to drv_spi.o(.text) for Spi_GPIO_Init
    main.o(.text) refers to mpu6000.o(.text) for MPU6000_Detect
    main.o(.text) refers to mpu6500.o(.text) for MPU6500_Detect
    main.o(.text) refers to lsm303.o(.text) for LSM303M_Detect
    main.o(.text) refers to l3gd20.o(.text) for L3GD20_Init
    main.o(.text) refers to main.o(.bss) for mpu6500_acc
    main.o(.text) refers to main.o(.data) for _mpu6500_acc_x
    system_stm32f4xx.o(.text) refers to system_stm32f4xx.o(.data) for SystemCoreClock
    mathtool.o(.text) refers to mathtool.o(i.__ARM_isnanf) for __ARM_isnanf
    mathtool.o(.text) refers to asinf.o(i.__hardfp_asinf) for __hardfp_asinf
    mathtool.o(.text) refers to sqrtf.o(i.__hardfp_sqrtf) for __hardfp_sqrtf
    vector3.o(.text) refers to mathtool.o(.text) for Pythagorous3
    vector3.o(.text) refers to cosf.o(i.__hardfp_cosf) for __hardfp_cosf
    vector3.o(.text) refers to sinf.o(i.__hardfp_sinf) for __hardfp_sinf
    vector3.o(.text) refers to atan2f.o(i.__hardfp_atan2f) for __hardfp_atan2f
    mpu6000.o(.text) refers to drv_spi.o(.text) for Spi_GyroMultiRead
    mpu6000.o(.text) refers to delay.o(.text) for SoftDelayMs
    mpu6000.o(.text) refers to mpu6000.o(.data) for temperature_temp
    drv_spi.o(.text) refers to stm32f4xx_gpio.o(.text) for GPIO_Init
    drv_spi.o(.text) refers to stm32f4xx_spi.o(.text) for SPI_Init
    mpu6500.o(.text) refers to drv_spi.o(.text) for Spi_GyroMultiRead
    mpu6500.o(.text) refers to delay.o(.text) for SoftDelayMs
    mpu6500.o(.text) refers to mpu6500.o(.data) for temperature_temp
    l3gd20.o(.text) refers to stm32f4xx_gpio.o(.text) for GPIO_ResetBits
    l3gd20.o(.text) refers to drv_spi.o(.text) for Spi_SingleWirteAndRead
    l3gd20.o(.text) refers to delay.o(.text) for SoftDelayMs
    lsm303.o(.text) refers to stm32f4xx_gpio.o(.text) for GPIO_ResetBits
    lsm303.o(.text) refers to drv_spi.o(.text) for Spi_SingleWirteAndRead
    lsm303.o(.text) refers to delay.o(.text) for SoftDelayMs
    lsm303.o(.text) refers to f2d.o(x$fpl$f2d) for __aeabi_f2d
    lsm303.o(.text) refers to sqrt.o(i.__hardfp_sqrt) for __hardfp_sqrt
    lsm303.o(.text) refers to d2f.o(x$fpl$d2f) for __aeabi_d2f
    lsm303.o(.text) refers to daddsub_clz.o(x$fpl$drsb) for __aeabi_drsub
    lsm303.o(.text) refers to lsm303.o(.data) for buffer
    lsm303.o(.text) refers to ddiv.o(x$fpl$ddiv) for __aeabi_ddiv
    lsm303.o(.text) refers to acos.o(i.__hardfp_acos) for __hardfp_acos
    lsm303.o(.text) refers to dmul.o(x$fpl$dmul) for __aeabi_dmul
    delay.o(.text) refers to misc.o(.text) for SysTick_CLKSourceConfig
    delay.o(.text) refers to delay.o(.data) for fac_us
    usart.o(.rev16_text) refers (Special) to use_no_semi_2.o(.text) for __use_no_semihosting
    usart.o(.revsh_text) refers (Special) to use_no_semi_2.o(.text) for __use_no_semihosting
    usart.o(.text) refers (Special) to use_no_semi_2.o(.text) for __use_no_semihosting
    usart.o(.text) refers to stm32f4xx_rcc.o(.text) for RCC_AHB1PeriphClockCmd
    usart.o(.text) refers to stm32f4xx_gpio.o(.text) for GPIO_PinAFConfig
    usart.o(.text) refers to stm32f4xx_usart.o(.text) for USART_Init
    usart.o(.text) refers to misc.o(.text) for NVIC_Init
    usart.o(.text) refers to usart.o(.data) for USART_RX_STA
    usart.o(.text) refers to usart.o(.bss) for USART_RX_BUF
    usart.o(.bss) refers (Special) to use_no_semi_2.o(.text) for __use_no_semihosting
    usart.o(.data) refers (Special) to use_no_semi_2.o(.text) for __use_no_semihosting
    startup_stm32f427_437xx.o(STACK) refers (Special) to heapauxi.o(.text) for __use_two_region_memory
    startup_stm32f427_437xx.o(HEAP) refers (Special) to heapauxi.o(.text) for __use_two_region_memory
    startup_stm32f427_437xx.o(RESET) refers (Special) to heapauxi.o(.text) for __use_two_region_memory
    startup_stm32f427_437xx.o(RESET) refers to startup_stm32f427_437xx.o(STACK) for __initial_sp
    startup_stm32f427_437xx.o(RESET) refers to startup_stm32f427_437xx.o(.text) for Reset_Handler
    startup_stm32f427_437xx.o(RESET) refers to stm32f4xx_it.o(.text) for NMI_Handler
    startup_stm32f427_437xx.o(RESET) refers to usart.o(.text) for USART1_IRQHandler
    startup_stm32f427_437xx.o(.text) refers (Special) to heapauxi.o(.text) for __use_two_region_memory
    startup_stm32f427_437xx.o(.text) refers to __main.o(!!!main) for __main
    startup_stm32f427_437xx.o(.text) refers to startup_stm32f427_437xx.o(HEAP) for Heap_Mem
    startup_stm32f427_437xx.o(.text) refers to startup_stm32f427_437xx.o(STACK) for Stack_Mem
[...]
    libinit.o(.ARM.Collect$$libinit$$00000000) refers (Special) to libinit2.o(.ARM.Collect$$libinit$$00000004) for __rt_lib_init_preinit_1
    libinit.o(.ARM.Collect$$libinit$$00000000) refers (Special) to libinit2.o(.ARM.Collect$$libinit$$0000000E) for __rt_lib_init_rand_1
    libinit.o(.ARM.Collect$$libinit$$00000000) refers (Special) to libinit2.o(.ARM.Collect$$libinit$$00000033) for __rt_lib_init_return
    libinit.o(.ARM.Collect$$libinit$$00000000) refers (Special) to libinit2.o(.ARM.Collect$$libinit$$0000001D) for __rt_lib_init_signal_1
    libinit.o(.ARM.Collect$$libinit$$00000000) refers (Special) to libinit2.o(.ARM.Collect$$libinit$$00000025) for __rt_lib_init_stdio_1
    libinit.o(.ARM.Collect$$libinit$$00000000) refers (Special) to libinit2.o(.ARM.Collect$$libinit$$0000000C) for __rt_lib_init_user_alloc_1
    rtexit.o(.ARM.Collect$$rtexit$$00000000) refers (Special) to rtexit2.o(.ARM.Collect$$rtexit$$00000004) for __rt_exit_exit
    rtexit.o(.ARM.Collect$$rtexit$$00000000) refers (Special) to rtexit2.o(.ARM.Collect$$rtexit$$00000003) for __rt_exit_ls
    rtexit.o(.ARM.Collect$$rtexit$$00000000) refers (Special) to rtexit2.o(.ARM.Collect$$rtexit$$00000002) for __rt_exit_prels_1
    rtexit.o(.ARM.exidx) refers (Special) to rtexit2.o(.ARM.Collect$$rtexit$$00000004) for __rt_exit_exit
    rtexit.o(.ARM.exidx) refers (Special) to rtexit2.o(.ARM.Collect$$rtexit$$00000003) for __rt_exit_ls
    rtexit.o(.ARM.exidx) refers (Special) to rtexit2.o(.ARM.Collect$$rtexit$$00000002) for __rt_exit_prels_1
    rtexit.o(.ARM.exidx) refers to rtexit.o(.ARM.Collect$$rtexit$$00000000) for .ARM.Collect$$rtexit$$00000000
    libinit2.o(.ARM.Collect$$libinit$$00000001) refers to fpinit.o(x$fpl$fpinit) for _fp_init
    libinit2.o(.ARM.Collect$$libinit$$00000010) refers to libinit2.o(.ARM.Collect$$libinit$$0000000F) for .ARM.Collect$$libinit$$0000000F
    libinit2.o(.ARM.Collect$$libinit$$00000012) refers to libinit2.o(.ARM.Collect$$libinit$$0000000F) for .ARM.Collect$$libinit$$0000000F
    libinit2.o(.ARM.Collect$$libinit$$00000014) refers to libinit2.o(.ARM.Collect$$libinit$$0000000F) for .ARM.Collect$$libinit$$0000000F
    libinit2.o(.ARM.Collect$$libinit$$00000016) refers to libinit2.o(.ARM.Collect$$libinit$$0000000F) for .ARM.Collect$$libinit$$0000000F
    libinit2.o(.ARM.Collect$$libinit$$00000018) refers to libinit2.o(.ARM.Collect$$libinit$$0000000F) for .ARM.Collect$$libinit$$0000000F
    libinit2.o(.ARM.Collect$$libinit$$00000026) refers to argv_veneer.o(.emb_text) for __ARM_argv_veneer
    libinit2.o(.ARM.Collect$$libinit$$00000027) refers to argv_veneer.o(.emb_text) for __ARM_argv_veneer
    rtexit2.o(.ARM.Collect$$rtexit$$00000003) refers to libshutdown.o(.ARM.Collect$$libshutdown$$00000000) for __rt_lib_shutdown
    rtexit2.o(.ARM.Collect$$rtexit$$00000004) refers to usart.o(.text) for _sys_exit
    rtexit2.o(.ARM.exidx) refers to rtexit2.o(.ARM.Collect$$rtexit$$00000001) for .ARM.Collect$$rtexit$$00000001
    rtexit2.o(.ARM.exidx) refers to rtexit2.o(.ARM.Collect$$rtexit$$00000003) for .ARM.Collect$$rtexit$$00000003
    rtexit2.o(.ARM.exidx) refers to rtexit2.o(.ARM.Collect$$rtexit$$00000004) for .ARM.Collect$$rtexit$$00000004
    argv_veneer.o(.emb_text) refers to no_argv.o(.text) for __ARM_get_argv
    _get_argv_nomalloc.o(.text) refers (Special) to hrguard.o(.text) for __heap_region$guard
    _get_argv_nomalloc.o(.text) refers to defsig_rtmem_outer.o(.text) for __rt_SIGRTMEM
    _get_argv_nomalloc.o(.text) refers to sys_command.o(.text) for _sys_command_string
    libshutdown.o(.ARM.Collect$$libshutdown$$00000000) refers (Special) to libshutdown2.o(.ARM.Collect$$libshutdown$$00000006) for __rt_lib_shutdown_fp_trap_1
    libshutdown.o(.ARM.Collect$$libshutdown$$00000000) refers (Special) to libshutdown2.o(.ARM.Collect$$libshutdown$$0000000E) for __rt_lib_shutdown_heap_1
    libshutdown.o(.ARM.Collect$$libshutdown$$00000000) refers (Special) to libshutdown2.o(.ARM.Collect$$libshutdown$$0000000F) for __rt_lib_shutdown_return
    libshutdown.o(.ARM.Collect$$libshutdown$$00000000) refers (Special) to libshutdown2.o(.ARM.Collect$$libshutdown$$00000009) for __rt_lib_shutdown_signal_1
    libshutdown.o(.ARM.Collect$$libshutdown$$00000000) refers (Special) to libshutdown2.o(.ARM.Collect$$libshutdown$$00000003) for __rt_lib_shutdown_stdio_1
    libshutdown.o(.ARM.Collect$$libshutdown$$00000000) refers (Special) to libshutdown2.o(.ARM.Collect$$libshutdown$$0000000B) for __rt_lib_shutdown_user_alloc_1
    sys_command.o(.text) refers (Special) to use_no_semi.o(.text) for __I$use$semihosting
    sys_command.o(.text) refers (Special) to indicate_semi.o(.text) for __semihosting_library_function
    defsig_rtmem_outer.o(.text) refers to defsig_rtmem_inner.o(.text) for __rt_SIGRTMEM_inner
    defsig_rtmem_outer.o(.text) refers to defsig_exit.o(.text) for __sig_exit
    defsig_rtmem_formal.o(.text) refers to rt_raise.o(.text) for __rt_raise
    rt_raise.o(.text) refers to __raise.o(.text) for __raise
    rt_raise.o(.text) refers to usart.o(.text) for _sys_exit
    defsig_exit.o(.text) refers to usart.o(.text) for _sys_exit
    defsig_rtmem_inner.o(.text) refers to defsig_general.o(.text) for __default_signal_display
    __raise.o(.text) refers to defsig.o(CL$$defsig) for __default_signal_handler
    defsig_general.o(.text) refers to sys_wrch.o(.text) for _ttywrch
    sys_wrch.o(.text) refers (Special) to use_no_semi.o(.text) for __I$use$semihosting
    sys_wrch.o(.text) refers (Special) to indicate_semi.o(.text) for __semihosting_library_function
    defsig.o(CL$$defsig) refers to defsig_rtmem_inner.o(.text) for __rt_SIGRTMEM_inner
    defsig_abrt_inner.o(.text) refers to defsig_general.o(.text) for __default_signal_display
    defsig_fpe_inner.o(.text) refers to defsig_general.o(.text) for __default_signal_display
    defsig_rtred_inner.o(.text) refers to defsig_general.o(.text) for __default_signal_display
    defsig_stak_inner.o(.text) refers to defsig_general.o(.text) for __default_signal_display
    defsig_pvfn_inner.o(.text) refers to defsig_general.o(.text) for __default_signal_display
    defsig_cppl_inner.o(.text) refers to defsig_general.o(.text) for __default_signal_display
    defsig_segv_inner.o(.text) refers to defsig_general.o(.text) for __default_signal_display
    defsig_other.o(.text) refers to defsig_general.o(.text) for __default_signal_display


==============================================================================

Removing Unused input sections from the image.

    Removing main.o(.rev16_text), (4 bytes).
    Removing main.o(.revsh_text), (4 bytes).
    Removing main.o(.constdata), (26 bytes).
    Removing stm32f4xx_it.o(.rev16_text), (4 bytes).
    Removing stm32f4xx_it.o(.revsh_text), (4 bytes).
    Removing system_stm32f4xx.o(.rev16_text), (4 bytes).
    Removing system_stm32f4xx.o(.revsh_text), (4 bytes).
    Removing system_stm32f4xx.o(.text), (580 bytes).
    Removing system_stm32f4xx.o(.data), (20 bytes).
    Removing mathtool.o(.rev16_text), (4 bytes).
    Removing mathtool.o(.revsh_text), (4 bytes).
    Removing mathtool.o(.text), (660 bytes).
    Removing vector3.o(.text), (1546 bytes).
    Removing mpu6000.o(.rev16_text), (4 bytes).
    Removing mpu6000.o(.revsh_text), (4 bytes).
    Removing drv_spi.o(.rev16_text), (4 bytes).
    Removing drv_spi.o(.revsh_text), (4 bytes).
    Removing mpu6500.o(.rev16_text), (4 bytes).
    Removing mpu6500.o(.revsh_text), (4 bytes).
    Removing l3gd20.o(.rev16_text), (4 bytes).
    Removing l3gd20.o(.revsh_text), (4 bytes).
    Removing lsm303.o(.rev16_text), (4 bytes).
    Removing lsm303.o(.revsh_text), (4 bytes).
    Removing delay.o(.rev16_text), (4 bytes).
    Removing delay.o(.revsh_text), (4 bytes).
    Removing sys.o(.rev16_text), (4 bytes).
    Removing sys.o(.revsh_text), (4 bytes).
    Removing sys.o(.emb_text), (16 bytes).
    Removing usart.o(.rev16_text), (4 bytes).
    Removing usart.o(.revsh_text), (4 bytes).
    Removing misc.o(.rev16_text), (4 bytes).
    Removing misc.o(.revsh_text), (4 bytes).
    Removing stm32f4xx_gpio.o(.rev16_text), (4 bytes).
    Removing stm32f4xx_gpio.o(.revsh_text), (4 bytes).
    Removing stm32f4xx_rcc.o(.rev16_text), (4 bytes).
    Removing stm32f4xx_rcc.o(.revsh_text), (4 bytes).
    Removing stm32f4xx_spi.o(.rev16_text), (4 bytes).
    Removing stm32f4xx_spi.o(.revsh_text), (4 bytes).
    Removing stm32f4xx_syscfg.o(.rev16_text), (4 bytes).
    Removing stm32f4xx_syscfg.o(.revsh_text), (4 bytes).
    Removing stm32f4xx_syscfg.o(.text), (148 bytes).
    Removing stm32f4xx_usart.o(.rev16_text), (4 bytes).
    Removing stm32f4xx_usart.o(.revsh_text), (4 bytes).
    Removing mathtool.o(i.__ARM_isnanf), (14 bytes).

44 unused section(s) (total 3154 bytes) removed from the image.

==============================================================================

Image Symbol Table

    Local Symbols

    Symbol Name                              Value     Ov Type        Size  Object(Section)

    ../clib/angel/boardlib.s                 0x00000000   Number         0  boardinit2.o ABSOLUTE
    ../clib/angel/boardlib.s                 0x00000000   Number         0  boardshut.o ABSOLUTE
    ../clib/angel/boardlib.s                 0x00000000   Number         0  boardinit1.o ABSOLUTE
    ../clib/angel/boardlib.s                 0x00000000   Number         0  boardinit3.o ABSOLUTE
    ../clib/angel/handlers.s                 0x00000000   Number         0  __scatter_zi.o ABSOLUTE
    ../clib/angel/handlers.s                 0x00000000   Number         0  __scatter_copy.o ABSOLUTE
    ../clib/angel/kernel.s                   0x00000000   Number         0  __rtentry.o ABSOLUTE
    ../clib/angel/kernel.s                   0x00000000   Number         0  __rtentry2.o ABSOLUTE
    ../clib/angel/kernel.s                   0x00000000   Number         0  __rtentry4.o ABSOLUTE
    ../clib/angel/kernel.s                   0x00000000   Number         0  rtexit2.o ABSOLUTE
    ../clib/angel/kernel.s                   0x00000000   Number         0  rtexit.o ABSOLUTE
    ../clib/angel/rt.s                       0x00000000   Number         0  rt_errno_addr_intlibspace.o ABSOLUTE
    ../clib/angel/rt.s                       0x00000000   Number         0  rt_raise.o ABSOLUTE
    ../clib/angel/rt.s                       0x00000000   Number         0  rt_errno_addr.o ABSOLUTE
    ../clib/angel/scatter.s                  0x00000000   Number         0  __scatter.o ABSOLUTE
    ../clib/angel/startup.s                  0x00000000   Number         0  __main.o ABSOLUTE
    ../clib/angel/sys.s                      0x00000000   Number         0  sys_stackheap_outer.o ABSOLUTE
    ../clib/angel/sys.s                      0x00000000   Number         0  use_no_semi.o ABSOLUTE
    ../clib/angel/sys.s                      0x00000000   Number         0  use_no_semi_2.o ABSOLUTE
    ../clib/angel/sys.s                      0x00000000   Number         0  indicate_semi.o ABSOLUTE
    ../clib/angel/sys.s                      0x00000000   Number         0  libspace.o ABSOLUTE
    ../clib/angel/sysapp.c                   0x00000000   Number         0  sys_command.o ABSOLUTE
    ../clib/angel/sysapp.c                   0x00000000   Number         0  sys_wrch.o ABSOLUTE
    ../clib/armsys.c                         0x00000000   Number         0  _get_argv_nomalloc.o ABSOLUTE
    ../clib/armsys.c                         0x00000000   Number         0  no_argv.o ABSOLUTE
    ../clib/armsys.c                         0x00000000   Number         0  argv_veneer.o ABSOLUTE
    ../clib/armsys.c                         0x00000000   Number         0  argv_veneer.o ABSOLUTE
    ../clib/fenv.c                           0x00000000   Number         0  _rserrno.o ABSOLUTE
    ../clib/heapalloc.c                      0x00000000   Number         0  hrguard.o ABSOLUTE
    ../clib/heapaux.c                        0x00000000   Number         0  heapauxi.o ABSOLUTE
    ../clib/libinit.s                        0x00000000   Number         0  libshutdown.o ABSOLUTE
    ../clib/libinit.s                        0x00000000   Number         0  libinit2.o ABSOLUTE
    ../clib/libinit.s                        0x00000000   Number         0  libinit.o ABSOLUTE
    ../clib/libinit.s                        0x00000000   Number         0  libshutdown2.o ABSOLUTE
    ../clib/signal.c                         0x00000000   Number         0  defsig_cppl_inner.o ABSOLUTE
    ../clib/signal.c                         0x00000000   Number         0  defsig_segv_inner.o ABSOLUTE
    ../clib/signal.c                         0x00000000   Number         0  defsig_pvfn_inner.o ABSOLUTE
    ../clib/signal.c                         0x00000000   Number         0  defsig_stak_inner.o ABSOLUTE
    ../clib/signal.c                         0x00000000   Number         0  defsig_other.o ABSOLUTE
    ../clib/signal.c                         0x00000000   Number         0  defsig_general.o ABSOLUTE
    ../clib/signal.c                         0x00000000   Number         0  __raise.o ABSOLUTE
    ../clib/signal.c                         0x00000000   Number         0  defsig_abrt_inner.o ABSOLUTE
    ../clib/signal.c                         0x00000000   Number         0  defsig_fpe_inner.o ABSOLUTE
    ../clib/signal.c                         0x00000000   Number         0  defsig_rtred_inner.o ABSOLUTE
    ../clib/signal.c                         0x00000000   Number         0  defsig_rtmem_inner.o ABSOLUTE
    ../clib/signal.c                         0x00000000   Number         0  defsig_exit.o ABSOLUTE
    ../clib/signal.c                         0x00000000   Number         0  defsig_rtmem_formal.o ABSOLUTE
    ../clib/signal.c                         0x00000000   Number         0  defsig_rtmem_outer.o ABSOLUTE
    ../clib/signal.s                         0x00000000   Number         0  defsig.o ABSOLUTE
    ../clib/stdlib.c                         0x00000000   Number         0  exit.o ABSOLUTE
    ../fplib/d2f.s                           0x00000000   Number         0  d2f.o ABSOLUTE
    ../fplib/daddsub.s                       0x00000000   Number         0  daddsub_clz.o ABSOLUTE
    ../fplib/dcmpi.s                         0x00000000   Number         0  dcmpi.o ABSOLUTE
    ../fplib/ddiv.s                          0x00000000   Number         0  ddiv.o ABSOLUTE
    ../fplib/dleqf.s                         0x00000000   Number         0  dleqf.o ABSOLUTE
    ../fplib/dmul.s                          0x00000000   Number         0  dmul.o ABSOLUTE
    ../fplib/dnaninf.s                       0x00000000   Number         0  dnaninf.o ABSOLUTE
    ../fplib/dretinf.s                       0x00000000   Number         0  dretinf.o ABSOLUTE
    ../fplib/dsqrt.s                         0x00000000   Number         0  dsqrt_umaal.o ABSOLUTE
    ../fplib/f2d.s                           0x00000000   Number         0  f2d.o ABSOLUTE
    ../fplib/fnaninf.s                       0x00000000   Number         0  fnaninf.o ABSOLUTE
    ../fplib/fpinit.s                        0x00000000   Number         0  fpinit.o ABSOLUTE
    ../fplib/fretinf.s                       0x00000000   Number         0  fretinf.o ABSOLUTE
    ../fplib/usenofp.s                       0x00000000   Number         0  usenofp.o ABSOLUTE
    ../mathlib/acos.c                        0x00000000   Number         0  acos_x.o ABSOLUTE
    ../mathlib/acos.c                        0x00000000   Number         0  acos.o ABSOLUTE
    ../mathlib/asinf.c                       0x00000000   Number         0  asinf_x.o ABSOLUTE
    ../mathlib/asinf.c                       0x00000000   Number         0  asinf.o ABSOLUTE
    ../mathlib/atan2f.c                      0x00000000   Number         0  atan2f_x.o ABSOLUTE
    ../mathlib/atan2f.c                      0x00000000   Number         0  atan2f.o ABSOLUTE
    ../mathlib/cosf.c                        0x00000000   Number         0  cosf.o ABSOLUTE
    ../mathlib/cosf.c                        0x00000000   Number         0  cosf_x.o ABSOLUTE
    ../mathlib/dunder.c                      0x00000000   Number         0  dunder.o ABSOLUTE
    ../mathlib/fpclassifyf.c                 0x00000000   Number         0  fpclassifyf.o ABSOLUTE
    ../mathlib/funder.c                      0x00000000   Number         0  funder.o ABSOLUTE
    ../mathlib/poly.c                        0x00000000   Number         0  poly.o ABSOLUTE
    ../mathlib/rredf.c                       0x00000000   Number         0  rredf.o ABSOLUTE
    ../mathlib/sinf.c                        0x00000000   Number         0  sinf.o ABSOLUTE
    ../mathlib/sinf.c                        0x00000000   Number         0  sinf_x.o ABSOLUTE
    ../mathlib/sqrt.c                        0x00000000   Number         0  sqrt.o ABSOLUTE
    ../mathlib/sqrt.c                        0x00000000   Number         0  sqrt_x.o ABSOLUTE
    ../mathlib/sqrtf.c                       0x00000000   Number         0  sqrtf_x.o ABSOLUTE
    ../mathlib/sqrtf.c                       0x00000000   Number         0  sqrtf.o ABSOLUTE
    ..\CORE\startup_stm32f427_437xx.s        0x00000000   Number         0  startup_stm32f427_437xx.o ABSOLUTE
    ..\FWLIB\src\misc.c                      0x00000000   Number         0  misc.o ABSOLUTE
    ..\FWLIB\src\stm32f4xx_gpio.c            0x00000000   Number         0  stm32f4xx_gpio.o ABSOLUTE
    ..\FWLIB\src\stm32f4xx_rcc.c             0x00000000   Number         0  stm32f4xx_rcc.o ABSOLUTE
    ..\FWLIB\src\stm32f4xx_spi.c             0x00000000   Number         0  stm32f4xx_spi.o ABSOLUTE
    ..\FWLIB\src\stm32f4xx_syscfg.c          0x00000000   Number         0  stm32f4xx_syscfg.o ABSOLUTE
    ..\FWLIB\src\stm32f4xx_usart.c           0x00000000   Number         0  stm32f4xx_usart.o ABSOLUTE
    ..\HARDWARE\L3GD20\L3GD20.c              0x00000000   Number         0  l3gd20.o ABSOLUTE
    ..\HARDWARE\LSM303D\LSM303.c             0x00000000   Number         0  lsm303.o ABSOLUTE
    ..\HARDWARE\MATH\mathTool.c              0x00000000   Number         0  mathtool.o ABSOLUTE
    ..\HARDWARE\MATH\vector3.c               0x00000000   Number         0  vector3.o ABSOLUTE
    ..\HARDWARE\MPU6000\mpu6000.c            0x00000000   Number         0  mpu6000.o ABSOLUTE
    ..\HARDWARE\MPU6500\mpu6500.c            0x00000000   Number         0  mpu6500.o ABSOLUTE
    ..\HARDWARE\SPI\drv_spi.c                0x00000000   Number         0  drv_spi.o ABSOLUTE
    ..\SYSTEM\delay\delay.c                  0x00000000   Number         0  delay.o ABSOLUTE
    ..\SYSTEM\sys\sys.c                      0x00000000   Number         0  sys.o ABSOLUTE
    ..\SYSTEM\usart\usart.c                  0x00000000   Number         0  usart.o ABSOLUTE
    ..\\FWLIB\\src\\misc.c                   0x00000000   Number         0  misc.o ABSOLUTE
    ..\\FWLIB\\src\\stm32f4xx_gpio.c         0x00000000   Number         0  stm32f4xx_gpio.o ABSOLUTE
    ..\\FWLIB\\src\\stm32f4xx_rcc.c          0x00000000   Number         0  stm32f4xx_rcc.o ABSOLUTE
    ..\\FWLIB\\src\\stm32f4xx_spi.c          0x00000000   Number         0  stm32f4xx_spi.o ABSOLUTE
    ..\\FWLIB\\src\\stm32f4xx_syscfg.c       0x00000000   Number         0  stm32f4xx_syscfg.o ABSOLUTE
    ..\\FWLIB\\src\\stm32f4xx_usart.c        0x00000000   Number         0  stm32f4xx_usart.o ABSOLUTE
    ..\\HARDWARE\\L3GD20\\L3GD20.c           0x00000000   Number         0  l3gd20.o ABSOLUTE
    ..\\HARDWARE\\LSM303D\\LSM303.c          0x00000000   Number         0  lsm303.o ABSOLUTE
    ..\\HARDWARE\\MATH\\mathTool.c           0x00000000   Number         0  mathtool.o ABSOLUTE
    ..\\HARDWARE\\MPU6000\\mpu6000.c         0x00000000   Number         0  mpu6000.o ABSOLUTE
    ..\\HARDWARE\\MPU6500\\mpu6500.c         0x00000000   Number         0  mpu6500.o ABSOLUTE
    ..\\HARDWARE\\SPI\\drv_spi.c             0x00000000   Number         0  drv_spi.o ABSOLUTE
    ..\\SYSTEM\\delay\\delay.c               0x00000000   Number         0  delay.o ABSOLUTE
    ..\\SYSTEM\\sys\\sys.c                   0x00000000   Number         0  sys.o ABSOLUTE
    ..\\SYSTEM\\usart\\usart.c               0x00000000   Number         0  usart.o ABSOLUTE
    dc.s                                     0x00000000   Number         0  dc.o ABSOLUTE
    main.c                                   0x00000000   Number         0  main.o ABSOLUTE
    main.c                                   0x00000000   Number         0  main.o ABSOLUTE
    stm32f4xx_it.c                           0x00000000   Number         0  stm32f4xx_it.o ABSOLUTE
    stm32f4xx_it.c                           0x00000000   Number         0  stm32f4xx_it.o ABSOLUTE
    system_stm32f4xx.c                       0x00000000   Number         0  system_stm32f4xx.o ABSOLUTE
    system_stm32f4xx.c                       0x00000000   Number         0  system_stm32f4xx.o ABSOLUTE
    RESET                                    0x08000000   Section      428  startup_stm32f427_437xx.o(RESET)
    !!!main                                  0x080001ac   Section        8  __main.o(!!!main)
    !!!scatter                               0x080001b4   Section       52  __scatter.o(!!!scatter)
    !!handler_copy                           0x080001e8   Section       26  __scatter_copy.o(!!handler_copy)
    !!handler_zi                             0x08000204   Section       28  __scatter_zi.o(!!handler_zi)
    .ARM.Collect$$libinit$$00000000          0x08000220   Section        2  libinit.o(.ARM.Collect$$libinit$$00000000)
    .ARM.Collect$$libinit$$00000001          0x08000222   Section        4  libinit2.o(.ARM.Collect$$libinit$$00000001)
    .ARM.Collect$$libinit$$00000004          0x08000226   Section        0  libinit2.o(.ARM.Collect$$libinit$$00000004)
    .ARM.Collect$$libinit$$0000000A          0x08000226   Section        0  libinit2.o(.ARM.Collect$$libinit$$0000000A)
    .ARM.Collect$$libinit$$0000000C          0x08000226   Section        0  libinit2.o(.ARM.Collect$$libinit$$0000000C)
    .ARM.Collect$$libinit$$0000000E          0x08000226   Section        0  libinit2.o(.ARM.Collect$$libinit$$0000000E)
    .ARM.Collect$$libinit$$00000011          0x08000226   Section        0  libinit2.o(.ARM.Collect$$libinit$$00000011)
    .ARM.Collect$$libinit$$00000013          0x08000226   Section        0  libinit2.o(.ARM.Collect$$libinit$$00000013)
    .ARM.Collect$$libinit$$00000015          0x08000226   Section        0  libinit2.o(.ARM.Collect$$libinit$$00000015)
    .ARM.Collect$$libinit$$00000017          0x08000226   Section        0  libinit2.o(.ARM.Collect$$libinit$$00000017)
    .ARM.Collect$$libinit$$00000019          0x08000226   Section        0  libinit2.o(.ARM.Collect$$libinit$$00000019)
    .ARM.Collect$$libinit$$0000001B          0x08000226   Section        0  libinit2.o(.ARM.Collect$$libinit$$0000001B)
    .ARM.Collect$$libinit$$0000001D          0x08000226   Section        0  libinit2.o(.ARM.Collect$$libinit$$0000001D)
    .ARM.Collect$$libinit$$0000001F          0x08000226   Section        0  libinit2.o(.ARM.Collect$$libinit$$0000001F)
    .ARM.Collect$$libinit$$00000021          0x08000226   Section        0  libinit2.o(.ARM.Collect$$libinit$$00000021)
    .ARM.Collect$$libinit$$00000023          0x08000226   Section        0  libinit2.o(.ARM.Collect$$libinit$$00000023)
    .ARM.Collect$$libinit$$00000025          0x08000226   Section        0  libinit2.o(.ARM.Collect$$libinit$$00000025)
    .ARM.Collect$$libinit$$0000002C          0x08000226   Section        0  libinit2.o(.ARM.Collect$$libinit$$0000002C)
    .ARM.Collect$$libinit$$0000002E          0x08000226   Section        0  libinit2.o(.ARM.Collect$$libinit$$0000002E)
    .ARM.Collect$$libinit$$00000030          0x08000226   Section        0  libinit2.o(.ARM.Collect$$libinit$$00000030)
    .ARM.Collect$$libinit$$00000032          0x08000226   Section        0  libinit2.o(.ARM.Collect$$libinit$$00000032)
    .ARM.Collect$$libinit$$00000033          0x08000226   Section        2  libinit2.o(.ARM.Collect$$libinit$$00000033)
    .ARM.Collect$$libshutdown$$00000000      0x08000228   Section        2  libshutdown.o(.ARM.Collect$$libshutdown$$00000000)
    .ARM.Collect$$libshutdown$$00000003      0x0800022a   Section        0  libshutdown2.o(.ARM.Collect$$libshutdown$$00000003)
    .ARM.Collect$$libshutdown$$00000006      0x0800022a   Section        0  libshutdown2.o(.ARM.Collect$$libshutdown$$00000006)
    .ARM.Collect$$libshutdown$$00000009      0x0800022a   Section        0  libshutdown2.o(.ARM.Collect$$libshutdown$$00000009)
    .ARM.Collect$$libshutdown$$0000000B      0x0800022a   Section        0  libshutdown2.o(.ARM.Collect$$libshutdown$$0000000B)
    .ARM.Collect$$libshutdown$$0000000E      0x0800022a   Section        0  libshutdown2.o(.ARM.Collect$$libshutdown$$0000000E)
    .ARM.Collect$$libshutdown$$0000000F      0x0800022a   Section        2  libshutdown2.o(.ARM.Collect$$libshutdown$$0000000F)
    .ARM.Collect$$rtentry$$00000000          0x0800022c   Section        0  __rtentry.o(.ARM.Collect$$rtentry$$00000000)
    .ARM.Collect$$rtentry$$00000002          0x0800022c   Section        0  __rtentry2.o(.ARM.Collect$$rtentry$$00000002)
    .ARM.Collect$$rtentry$$00000004          0x0800022c   Section        6  __rtentry4.o(.ARM.Collect$$rtentry$$00000004)
    .ARM.Collect$$rtentry$$00000009          0x08000232   Section        0  __rtentry2.o(.ARM.Collect$$rtentry$$00000009)
    .ARM.Collect$$rtentry$$0000000A          0x08000232   Section        4  __rtentry2.o(.ARM.Collect$$rtentry$$0000000A)
    .ARM.Collect$$rtentry$$0000000C          0x08000236   Section        0  __rtentry2.o(.ARM.Collect$$rtentry$$0000000C)
    .ARM.Collect$$rtentry$$0000000D          0x08000236   Section        8  __rtentry2.o(.ARM.Collect$$rtentry$$0000000D)
    .ARM.Collect$$rtexit$$00000000           0x0800023e   Section        2  rtexit.o(.ARM.Collect$$rtexit$$00000000)
    .ARM.Collect$$rtexit$$00000002           0x08000240   Section        0  rtexit2.o(.ARM.Collect$$rtexit$$00000002)
    .ARM.Collect$$rtexit$$00000003           0x08000240   Section        4  rtexit2.o(.ARM.Collect$$rtexit$$00000003)
    .ARM.Collect$$rtexit$$00000004           0x08000244   Section        6  rtexit2.o(.ARM.Collect$$rtexit$$00000004)
    .text                                    0x0800024c   Section        0  main.o(.text)
    .text                                    0x08000440   Section        0  stm32f4xx_it.o(.text)
    .text                                    0x0800045c   Section        0  mpu6000.o(.text)
    .text                                    0x08000690   Section        0  drv_spi.o(.text)
    .text                                    0x080009ec   Section        0  mpu6500.o(.text)
    .text                                    0x08000c6c   Section        0  l3gd20.o(.text)
    .text                                    0x08000e74   Section        0  lsm303.o(.text)
    .text                                    0x080013f0   Section        0  delay.o(.text)
    .text                                    0x08001520   Section        0  usart.o(.text)
    .text                                    0x0800166c   Section       72  startup_stm32f427_437xx.o(.text)
    $v0                                      0x0800166c   Number         0  startup_stm32f427_437xx.o(.text)
    .text                                    0x080016b4   Section        0  misc.o(.text)
    .text                                    0x08001794   Section        0  stm32f4xx_gpio.o(.text)
    .text                                    0x08001a28   Section        0  stm32f4xx_rcc.o(.text)
    .text                                    0x08002088   Section        0  stm32f4xx_spi.o(.text)
    .text                                    0x08002508   Section        0  stm32f4xx_usart.o(.text)
    .text                                    0x0800295c   Section        2  use_no_semi_2.o(.text)
    .text                                    0x0800295e   Section        0  heapauxi.o(.text)
    .text                                    0x08002964   Section        2  use_no_semi.o(.text)
    .text                                    0x08002966   Section        0  _rserrno.o(.text)
    .text                                    0x0800297c   Section        8  rt_errno_addr_intlibspace.o(.text)
    .text                                    0x08002984   Section        8  libspace.o(.text)
    .text                                    0x0800298c   Section       74  sys_stackheap_outer.o(.text)
    .text                                    0x080029d6   Section        0  exit.o(.text)
    i.__hardfp_acos                          0x080029e8   Section        0  acos.o(i.__hardfp_acos)
    i.__hardfp_sqrt                          0x08002d40   Section        0  sqrt.o(i.__hardfp_sqrt)
    i.__kernel_poly                          0x08002dba   Section        0  poly.o(i.__kernel_poly)
    i.__mathlib_dbl_infnan                   0x08002eb2   Section        0  dunder.o(i.__mathlib_dbl_infnan)
    i.__mathlib_dbl_invalid                  0x08002ec8   Section        0  dunder.o(i.__mathlib_dbl_invalid)
    i.sqrt                                   0x08002ee8   Section        0  sqrt.o(i.sqrt)
    x$fpl$d2f                                0x08002f58   Section       98  d2f.o(x$fpl$d2f)
    $v0                                      0x08002f58   Number         0  d2f.o(x$fpl$d2f)
    x$fpl$dadd                               0x08002fbc   Section      336  daddsub_clz.o(x$fpl$dadd)
    $v0                                      0x08002fbc   Number         0  daddsub_clz.o(x$fpl$dadd)
    _dadd1                                   0x08002fcd   Thumb Code     0  daddsub_clz.o(x$fpl$dadd)
    x$fpl$ddiv                               0x0800310c   Section      688  ddiv.o(x$fpl$ddiv)
    $v0                                      0x0800310c   Number         0  ddiv.o(x$fpl$ddiv)
    ddiv_entry                               0x08003113   Thumb Code     0  ddiv.o(x$fpl$ddiv)
    x$fpl$dmul                               0x080033bc   Section      340  dmul.o(x$fpl$dmul)
    $v0                                      0x080033bc   Number         0  dmul.o(x$fpl$dmul)
    x$fpl$dnaninf                            0x08003510   Section      156  dnaninf.o(x$fpl$dnaninf)
    $v0                                      0x08003510   Number         0  dnaninf.o(x$fpl$dnaninf)
    x$fpl$dretinf                            0x080035ac   Section       12  dretinf.o(x$fpl$dretinf)
    $v0                                      0x080035ac   Number         0  dretinf.o(x$fpl$dretinf)
    x$fpl$drsb                               0x080035b8   Section       22  daddsub_clz.o(x$fpl$drsb)
    $v0                                      0x080035b8   Number         0  daddsub_clz.o(x$fpl$drsb)
    x$fpl$dsqrt                              0x080035d0   Section      408  dsqrt_umaal.o(x$fpl$dsqrt)
    $v0                                      0x080035d0   Number         0  dsqrt_umaal.o(x$fpl$dsqrt)
    x$fpl$dsub                               0x08003768   Section      468  daddsub_clz.o(x$fpl$dsub)
    $v0                                      0x08003768   Number         0  daddsub_clz.o(x$fpl$dsub)
    _dsub1                                   0x08003779   Thumb Code     0  daddsub_clz.o(x$fpl$dsub)
    x$fpl$f2d                                0x0800393c   Section       86  f2d.o(x$fpl$f2d)
    $v0                                      0x0800393c   Number         0  f2d.o(x$fpl$f2d)
    x$fpl$fnaninf                            0x08003992   Section      140  fnaninf.o(x$fpl$fnaninf)
    $v0                                      0x08003992   Number         0  fnaninf.o(x$fpl$fnaninf)
    x$fpl$fpinit                             0x08003a1e   Section       10  fpinit.o(x$fpl$fpinit)
    $v0                                      0x08003a1e   Number         0  fpinit.o(x$fpl$fpinit)
    x$fpl$fretinf                            0x08003a28   Section       10  fretinf.o(x$fpl$fretinf)
    $v0                                      0x08003a28   Number         0  fretinf.o(x$fpl$fretinf)
    x$fpl$usenofp                            0x08003a32   Section        0  usenofp.o(x$fpl$usenofp)
    .constdata                               0x08003a38   Section       80  acos.o(.constdata)
    pS                                       0x08003a38   Data          48  acos.o(.constdata)
    qS                                       0x08003a68   Data          32  acos.o(.constdata)
    .data                                    0x20000000   Section       52  main.o(.data)
    .data                                    0x20000034   Section        2  mpu6000.o(.data)
    temperature_temp                         0x20000034   Data           2  mpu6000.o(.data)
    .data                                    0x20000036   Section        2  mpu6500.o(.data)
    temperature_temp                         0x20000036   Data           2  mpu6500.o(.data)
    .data                                    0x20000038   Section       16  lsm303.o(.data)
    buffer                                   0x20000039   Data           6  lsm303.o(.data)
    buffer                                   0x2000003f   Data           6  lsm303.o(.data)
    ctrlx                                    0x20000045   Data           2  lsm303.o(.data)
    i                                        0x20000047   Data           1  lsm303.o(.data)
    .data                                    0x20000048   Section        4  delay.o(.data)
    fac_us                                   0x20000048   Data           1  delay.o(.data)
    fac_ms                                   0x2000004a   Data           2  delay.o(.data)
    .data                                    0x2000004c   Section        6  usart.o(.data)
    .data                                    0x20000052   Section       16  stm32f4xx_rcc.o(.data)
    APBAHBPrescTable                         0x20000052   Data          16  stm32f4xx_rcc.o(.data)
    .bss                                     0x20000064   Section       48  main.o(.bss)
    .bss                                     0x20000094   Section      200  usart.o(.bss)
    .bss                                     0x2000015c   Section       96  libspace.o(.bss)
    HEAP                                     0x200001c0   Section     1536  startup_stm32f427_437xx.o(HEAP)
    Heap_Mem                                 0x200001c0   Data        1536  startup_stm32f427_437xx.o(HEAP)
    STACK                                    0x200007c0   Section     2048  startup_stm32f427_437xx.o(STACK)
    Stack_Mem                                0x200007c0   Data        2048  startup_stm32f427_437xx.o(STACK)
    __initial_sp                             0x20000fc0   Data           0  startup_stm32f427_437xx.o(STACK)

    Global Symbols

    Symbol Name                              Value     Ov Type        Size  Object(Section)

    BuildAttributes$$THM_ISAv4$E$P$D$K$B$S$7EM$VFPi3$EXTD16$VFPS$VFMA$PE$A:L22UL41UL21$X:L11$S22US41US21$IEEE1$IW$USESV6$~STKCKD$USESV7$~SHL$OTIME$ROPI$IEEEX$EBA8$UX$STANDARDLIB$REQ8$PRES8$EABIv2 0x00000000   Number         0  anon$$obj.o ABSOLUTE
    __ARM_use_no_argv                        0x00000000   Number         0  main.o ABSOLUTE
    __ARM_exceptions_init                     - Undefined Weak Reference
    __alloca_initialize                       - Undefined Weak Reference
    __arm_preinit_                            - Undefined Weak Reference
    __cpp_initialize__aeabi_                  - Undefined Weak Reference
    __cxa_finalize                            - Undefined Weak Reference
    __rt_locale                               - Undefined Weak Reference
    __sigvec_lookup                           - Undefined Weak Reference
    _atexit_init                              - Undefined Weak Reference
    _call_atexit_fns                          - Undefined Weak Reference
    _clock_init                               - Undefined Weak Reference
    _fp_trap_init                             - Undefined Weak Reference
    _fp_trap_shutdown                         - Undefined Weak Reference
    _get_lc_collate                           - Undefined Weak Reference
    _get_lc_ctype                             - Undefined Weak Reference
    _get_lc_monetary                          - Undefined Weak Reference
    _get_lc_numeric                           - Undefined Weak Reference
    _get_lc_time                              - Undefined Weak Reference
    _getenv_init                              - Undefined Weak Reference
    _handle_redirection                       - Undefined Weak Reference
    _init_alloc                               - Undefined Weak Reference
    _init_user_alloc                          - Undefined Weak Reference
    _initio                                   - Undefined Weak Reference
    _rand_init                                - Undefined Weak Reference
    _signal_finish                            - Undefined Weak Reference
    _signal_init                              - Undefined Weak Reference
    _terminate_alloc                          - Undefined Weak Reference
    _terminate_user_alloc                     - Undefined Weak Reference
    _terminateio                              - Undefined Weak Reference
    __Vectors_Size                           0x000001ac   Number         0  startup_stm32f427_437xx.o ABSOLUTE
    __Vectors                                0x08000000   Data           4  startup_stm32f427_437xx.o(RESET)
    __Vectors_End                            0x080001ac   Data           0  startup_stm32f427_437xx.o(RESET)
    __main                                   0x080001ad   Thumb Code     8  __main.o(!!!main)
    __scatterload                            0x080001b5   Thumb Code     0  __scatter.o(!!!scatter)
    __scatterload_rt2                        0x080001b5   Thumb Code    44  __scatter.o(!!!scatter)
    __scatterload_rt2_thumb_only             0x080001b5   Thumb Code     0  __scatter.o(!!!scatter)
    __scatterload_null                       0x080001c3   Thumb Code     0  __scatter.o(!!!scatter)
    __scatterload_copy                       0x080001e9   Thumb Code    26  __scatter_copy.o(!!handler_copy)
    __scatterload_zeroinit                   0x08000205   Thumb Code    28  __scatter_zi.o(!!handler_zi)
    __rt_lib_init                            0x08000221   Thumb Code     0  libinit.o(.ARM.Collect$$libinit$$00000000)
    __rt_lib_init_fp_1                       0x08000223   Thumb Code     0  libinit2.o(.ARM.Collect$$libinit$$00000001)
    __rt_lib_init_alloca_1                   0x08000227   Thumb Code     0  libinit2.o(.ARM.Collect$$libinit$$0000002E)
    __rt_lib_init_argv_1                     0x08000227   Thumb Code     0  libinit2.o(.ARM.Collect$$libinit$$0000002C)
    __rt_lib_init_atexit_1                   0x08000227   Thumb Code     0  libinit2.o(.ARM.Collect$$libinit$$0000001B)
    __rt_lib_init_clock_1                    0x08000227   Thumb Code     0  libinit2.o(.ARM.Collect$$libinit$$00000021)
    __rt_lib_init_cpp_1                      0x08000227   Thumb Code     0  libinit2.o(.ARM.Collect$$libinit$$00000032)
    __rt_lib_init_exceptions_1               0x08000227   Thumb Code     0  libinit2.o(.ARM.Collect$$libinit$$00000030)
    __rt_lib_init_fp_trap_1                  0x08000227   Thumb Code     0  libinit2.o(.ARM.Collect$$libinit$$0000001F)
    __rt_lib_init_getenv_1                   0x08000227   Thumb Code     0  libinit2.o(.ARM.Collect$$libinit$$00000023)
    __rt_lib_init_heap_1                     0x08000227   Thumb Code     0  libinit2.o(.ARM.Collect$$libinit$$0000000A)
    __rt_lib_init_lc_collate_1               0x08000227   Thumb Code     0  libinit2.o(.ARM.Collect$$libinit$$00000011)
    __rt_lib_init_lc_ctype_1                 0x08000227   Thumb Code     0  libinit2.o(.ARM.Collect$$libinit$$00000013)
    __rt_lib_init_lc_monetary_1              0x08000227   Thumb Code     0  libinit2.o(.ARM.Collect$$libinit$$00000015)
    __rt_lib_init_lc_numeric_1               0x08000227   Thumb Code     0  libinit2.o(.ARM.Collect$$libinit$$00000017)
    __rt_lib_init_lc_time_1                  0x08000227   Thumb Code     0  libinit2.o(.ARM.Collect$$libinit$$00000019)
    __rt_lib_init_preinit_1                  0x08000227   Thumb Code     0  libinit2.o(.ARM.Collect$$libinit$$00000004)
    __rt_lib_init_rand_1                     0x08000227   Thumb Code     0  libinit2.o(.ARM.Collect$$libinit$$0000000E)
    __rt_lib_init_return                     0x08000227   Thumb Code     0  libinit2.o(.ARM.Collect$$libinit$$00000033)
    __rt_lib_init_signal_1                   0x08000227   Thumb Code     0  libinit2.o(.ARM.Collect$$libinit$$0000001D)
    __rt_lib_init_stdio_1                    0x08000227   Thumb Code     0  libinit2.o(.ARM.Collect$$libinit$$00000025)
    __rt_lib_init_user_alloc_1               0x08000227   Thumb Code     0  libinit2.o(.ARM.Collect$$libinit$$0000000C)
    __rt_lib_shutdown                        0x08000229   Thumb Code     0  libshutdown.o(.ARM.Collect$$libshutdown$$00000000)
    __rt_lib_shutdown_fp_trap_1              0x0800022b   Thumb Code     0  libshutdown2.o(.ARM.Collect$$libshutdown$$00000006)
    __rt_lib_shutdown_heap_1                 0x0800022b   Thumb Code     0  libshutdown2.o(.ARM.Collect$$libshutdown$$0000000E)
    __rt_lib_shutdown_return                 0x0800022b   Thumb Code     0  libshutdown2.o(.ARM.Collect$$libshutdown$$0000000F)
    __rt_lib_shutdown_signal_1               0x0800022b   Thumb Code     0  libshutdown2.o(.ARM.Collect$$libshutdown$$00000009)
    __rt_lib_shutdown_stdio_1                0x0800022b   Thumb Code     0  libshutdown2.o(.ARM.Collect$$libshutdown$$00000003)
    __rt_lib_shutdown_user_alloc_1           0x0800022b   Thumb Code     0  libshutdown2.o(.ARM.Collect$$libshutdown$$0000000B)
    __rt_entry                               0x0800022d   Thumb Code     0  __rtentry.o(.ARM.Collect$$rtentry$$00000000)
    __rt_entry_presh_1                       0x0800022d   Thumb Code     0  __rtentry2.o(.ARM.Collect$$rtentry$$00000002)
    __rt_entry_sh                            0x0800022d   Thumb Code     0  __rtentry4.o(.ARM.Collect$$rtentry$$00000004)
    __rt_entry_li                            0x08000233   Thumb Code     0  __rtentry2.o(.ARM.Collect$$rtentry$$0000000A)
    __rt_entry_postsh_1                      0x08000233   Thumb Code     0  __rtentry2.o(.ARM.Collect$$rtentry$$00000009)
    __rt_entry_main                          0x08000237   Thumb Code     0  __rtentry2.o(.ARM.Collect$$rtentry$$0000000D)
    __rt_entry_postli_1                      0x08000237   Thumb Code     0  __rtentry2.o(.ARM.Collect$$rtentry$$0000000C)
    __rt_exit                                0x0800023f   Thumb Code     0  rtexit.o(.ARM.Collect$$rtexit$$00000000)
    __rt_exit_ls                             0x08000241   Thumb Code     0  rtexit2.o(.ARM.Collect$$rtexit$$00000003)
    __rt_exit_prels_1                        0x08000241   Thumb Code     0  rtexit2.o(.ARM.Collect$$rtexit$$00000002)
    __rt_exit_exit                           0x08000245   Thumb Code     0  rtexit2.o(.ARM.Collect$$rtexit$$00000004)
    transation                               0x0800024d   Thumb Code   290  main.o(.text)
    main                                     0x0800036f   Thumb Code   132  main.o(.text)
    NMI_Handler                              0x08000441   Thumb Code     2  stm32f4xx_it.o(.text)
    HardFault_Handler                        0x08000443   Thumb Code     4  stm32f4xx_it.o(.text)
    MemManage_Handler                        0x08000447   Thumb Code     4  stm32f4xx_it.o(.text)
    BusFault_Handler                         0x0800044b   Thumb Code     4  stm32f4xx_it.o(.text)
    UsageFault_Handler                       0x0800044f   Thumb Code     4  stm32f4xx_it.o(.text)
    SVC_Handler                              0x08000453   Thumb Code     2  stm32f4xx_it.o(.text)
    DebugMon_Handler                         0x08000455   Thumb Code     2  stm32f4xx_it.o(.text)
    PendSV_Handler                           0x08000457   Thumb Code     2  stm32f4xx_it.o(.text)
    SysTick_Handler                          0x08000459   Thumb Code     2  stm32f4xx_it.o(.text)
    MPU6000_Detect                           0x0800045d   Thumb Code    28  mpu6000.o(.text)
    MPU6000_Init                             0x08000479   Thumb Code   144  mpu6000.o(.text)
    MPU6000_ReadAcc                          0x08000509   Thumb Code   148  mpu6000.o(.text)
    MPU6000_ReadGyro                         0x0800059d   Thumb Code   148  mpu6000.o(.text)
    MPU6000_ReadTemp                         0x08000631   Thumb Code    74  mpu6000.o(.text)
    Spi_GPIO_Init                            0x08000691   Thumb Code    94  drv_spi.o(.text)
    Spi_Open                                 0x080006ef   Thumb Code   268  drv_spi.o(.text)
    Spi_SingleWirteAndRead                   0x080007fb   Thumb Code   110  drv_spi.o(.text)
    SPI_MultiWriteAndRead                    0x08000869   Thumb Code   174  drv_spi.o(.text)
    Spi_GyroEnable                           0x08000917   Thumb Code    12  drv_spi.o(.text)
    Spi_GyroDisable                          0x08000923   Thumb Code    12  drv_spi.o(.text)
    Spi_GyroSingleWrite                      0x0800092f   Thumb Code    32  drv_spi.o(.text)
    Spi_GyroMultiRead                        0x0800094f   Thumb Code    40  drv_spi.o(.text)
    Spi_BaroEnable                           0x08000977   Thumb Code    14  drv_spi.o(.text)
    Spi_BaroDisable                          0x08000985   Thumb Code    14  drv_spi.o(.text)
    Spi_BaroSingleWrite                      0x08000993   Thumb Code    32  drv_spi.o(.text)
    Spi_BaroMultiRead                        0x080009b3   Thumb Code    38  drv_spi.o(.text)
    MPU6500_Detect                           0x080009ed   Thumb Code    36  mpu6500.o(.text)
    MPU6500_Init                             0x08000a11   Thumb Code   158  mpu6500.o(.text)
    MPU6500_ReadAcc                          0x08000aaf   Thumb Code   176  mpu6500.o(.text)
    MPU6500_ReadGyro                         0x08000b5f   Thumb Code   180  mpu6500.o(.text)
    MPU6500_ReadTemp                         0x08000c13   Thumb Code    74  mpu6500.o(.text)
    L3GD20_Write                             0x08000c6d   Thumb Code    44  l3gd20.o(.text)
    L3GD20_Init                              0x08000c99   Thumb Code   136  l3gd20.o(.text)
    L3GD20_Read                              0x08000d21   Thumb Code    64  l3gd20.o(.text)
    Demo_GyroReadAngRate                     0x08000d61   Thumb Code   256  l3gd20.o(.text)
    Spi_LSM303D_Enable                       0x08000e75   Thumb Code    14  lsm303.o(.text)
    Spi_LSM303D_Disable                      0x08000e83   Thumb Code    14  lsm303.o(.text)
    Spi_LSM303_SingleWrite                   0x08000e91   Thumb Code    32  lsm303.o(.text)
    Spi_LSM303D_MultiRead                    0x08000eb1   Thumb Code    40  lsm303.o(.text)
    LSM303A_Init                             0x08000ed9   Thumb Code    28  lsm303.o(.text)
    LSM303M_Detect                           0x08000ef5   Thumb Code    28  lsm303.o(.text)
    LSM303M_Init                             0x08000f11   Thumb Code    32  lsm303.o(.text)
    LAM303M_Read                             0x08000f31   Thumb Code   318  lsm303.o(.text)
    LAM303A_Read                             0x0800106f   Thumb Code   182  lsm303.o(.text)
    Data_conversion                          0x08001125   Thumb Code   694  lsm303.o(.text)
    delay_init                               0x080013f1   Thumb Code    52  delay.o(.text)
    delay_us                                 0x08001425   Thumb Code    72  delay.o(.text)
    delay_xms                                0x0800146d   Thumb Code    72  delay.o(.text)
    delay_ms                                 0x080014b5   Thumb Code    56  delay.o(.text)
    SoftDelayMs                              0x080014ed   Thumb Code    22  delay.o(.text)
    SoftDelayUs                              0x08001503   Thumb Code    20  delay.o(.text)
    _sys_exit                                0x08001521   Thumb Code     6  usart.o(.text)
    fputc                                    0x08001527   Thumb Code    22  usart.o(.text)
    uart_init                                0x0800153d   Thumb Code   164  usart.o(.text)
    USART1_IRQHandler                        0x080015e1   Thumb Code   122  usart.o(.text)
    Reset_Handler                            0x0800166d   Thumb Code    14  startup_stm32f427_437xx.o(.text)
    ADC_IRQHandler                           0x0800168d   Thumb Code     0  startup_stm32f427_437xx.o(.text)
    CAN1_RX0_IRQHandler                      0x0800168d   Thumb Code     0  startup_stm32f427_437xx.o(.text)
    CAN1_RX1_IRQHandler                      0x0800168d   Thumb Code     0  startup_stm32f427_437xx.o(.text)
    CAN1_SCE_IRQHandler                      0x0800168d   Thumb Code     0  startup_stm32f427_437xx.o(.text)
    CAN1_TX_IRQHandler                       0x0800168d   Thumb Code     0  startup_stm32f427_437xx.o(.text)
    CAN2_RX0_IRQHandler                      0x0800168d   Thumb Code     0  startup_stm32f427_437xx.o(.text)
    CAN2_RX1_IRQHandler                      0x0800168d   Thumb Code     0  startup_stm32f427_437xx.o(.text)
    CAN2_SCE_IRQHandler                      0x0800168d   Thumb Code     0  startup_stm32f427_437xx.o(.text)
    CAN2_TX_IRQHandler                       0x0800168d   Thumb Code     0  startup_stm32f427_437xx.o(.text)
    CRYP_IRQHandler                          0x0800168d   Thumb Code     0  startup_stm32f427_437xx.o(.text)
    DCMI_IRQHandler                          0x0800168d   Thumb Code     0  startup_stm32f427_437xx.o(.text)
    DMA1_Stream0_IRQHandler                  0x0800168d   Thumb Code     0  startup_stm32f427_437xx.o(.text)
    DMA1_Stream1_IRQHandler                  0x0800168d   Thumb Code     0  startup_stm32f427_437xx.o(.text)
    DMA1_Stream2_IRQHandler                  0x0800168d   Thumb Code     0  startup_stm32f427_437xx.o(.text)
    DMA1_Stream3_IRQHandler                  0x0800168d   Thumb Code     0  startup_stm32f427_437xx.o(.text)
    DMA1_Stream4_IRQHandler                  0x0800168d   Thumb Code     0  startup_stm32f427_437xx.o(.text)
    DMA1_Stream5_IRQHandler                  0x0800168d   Thumb Code     0  startup_stm32f427_437xx.o(.text)
    DMA1_Stream6_IRQHandler                  0x0800168d   Thumb Code     0  startup_stm32f427_437xx.o(.text)
    DMA1_Stream7_IRQHandler                  0x0800168d   Thumb Code     0  startup_stm32f427_437xx.o(.text)
    DMA2D_IRQHandler                         0x0800168d   Thumb Code     0  startup_stm32f427_437xx.o(.text)
    DMA2_Stream0_IRQHandler                  0x0800168d   Thumb Code     0  startup_stm32f427_437xx.o(.text)
    DMA2_Stream1_IRQHandler                  0x0800168d   Thumb Code     0  startup_stm32f427_437xx.o(.text)
    DMA2_Stream2_IRQHandler                  0x0800168d   Thumb Code     0  startup_stm32f427_437xx.o(.text)
    DMA2_Stream3_IRQHandler                  0x0800168d   Thumb Code     0  startup_stm32f427_437xx.o(.text)
    DMA2_Stream4_IRQHandler                  0x0800168d   Thumb Code     0  startup_stm32f427_437xx.o(.text)
    DMA2_Stream5_IRQHandler                  0x0800168d   Thumb Code     0  startup_stm32f427_437xx.o(.text)
    DMA2_Stream6_IRQHandler                  0x0800168d   Thumb Code     0  startup_stm32f427_437xx.o(.text)
    DMA2_Stream7_IRQHandler                  0x0800168d   Thumb Code     0  startup_stm32f427_437xx.o(.text)
    ETH_IRQHandler                           0x0800168d   Thumb Code     0  startup_stm32f427_437xx.o(.text)
    ETH_WKUP_IRQHandler                      0x0800168d   Thumb Code     0  startup_stm32f427_437xx.o(.text)
    EXTI0_IRQHandler                         0x0800168d   Thumb Code     0  startup_stm32f427_437xx.o(.text)
    EXTI15_10_IRQHandler                     0x0800168d   Thumb Code     0  startup_stm32f427_437xx.o(.text)
    EXTI1_IRQHandler                         0x0800168d   Thumb Code     0  startup_stm32f427_437xx.o(.text)
    EXTI2_IRQHandler                         0x0800168d   Thumb Code     0  startup_stm32f427_437xx.o(.text)
    EXTI3_IRQHandler                         0x0800168d   Thumb Code     0  startup_stm32f427_437xx.o(.text)
    EXTI4_IRQHandler                         0x0800168d   Thumb Code     0  startup_stm32f427_437xx.o(.text)
    EXTI9_5_IRQHandler                       0x0800168d   Thumb Code     0  startup_stm32f427_437xx.o(.text)
    FLASH_IRQHandler                         0x0800168d   Thumb Code     0  startup_stm32f427_437xx.o(.text)
    FMC_IRQHandler                           0x0800168d   Thumb Code     0  startup_stm32f427_437xx.o(.text)
    FPU_IRQHandler                           0x0800168d   Thumb Code     0  startup_stm32f427_437xx.o(.text)
    HASH_RNG_IRQHandler                      0x0800168d   Thumb Code     0  startup_stm32f427_437xx.o(.text)
    I2C1_ER_IRQHandler                       0x0800168d   Thumb Code     0  startup_stm32f427_437xx.o(.text)
    I2C1_EV_IRQHandler                       0x0800168d   Thumb Code     0  startup_stm32f427_437xx.o(.text)
    I2C2_ER_IRQHandler                       0x0800168d   Thumb Code     0  startup_stm32f427_437xx.o(.text)
    I2C2_EV_IRQHandler                       0x0800168d   Thumb Code     0  startup_stm32f427_437xx.o(.text)
    I2C3_ER_IRQHandler                       0x0800168d   Thumb Code     0  startup_stm32f427_437xx.o(.text)
    I2C3_EV_IRQHandler                       0x0800168d   Thumb Code     0  startup_stm32f427_437xx.o(.text)
    OTG_FS_IRQHandler                        0x0800168d   Thumb Code     0  startup_stm32f427_437xx.o(.text)
    OTG_FS_WKUP_IRQHandler                   0x0800168d   Thumb Code     0  startup_stm32f427_437xx.o(.text)
    OTG_HS_EP1_IN_IRQHandler                 0x0800168d   Thumb Code     0  startup_stm32f427_437xx.o(.text)
    OTG_HS_EP1_OUT_IRQHandler                0x0800168d   Thumb Code     0  startup_stm32f427_437xx.o(.text)
    OTG_HS_IRQHandler                        0x0800168d   Thumb Code     0  startup_stm32f427_437xx.o(.text)
    OTG_HS_WKUP_IRQHandler                   0x0800168d   Thumb Code     0  startup_stm32f427_437xx.o(.text)
    PVD_IRQHandler                           0x0800168d   Thumb Code     0  startup_stm32f427_437xx.o(.text)
    RCC_IRQHandler                           0x0800168d   Thumb Code     0  startup_stm32f427_437xx.o(.text)
    RTC_Alarm_IRQHandler                     0x0800168d   Thumb Code     0  startup_stm32f427_437xx.o(.text)
    RTC_WKUP_IRQHandler                      0x0800168d   Thumb Code     0  startup_stm32f427_437xx.o(.text)
    SAI1_IRQHandler                          0x0800168d   Thumb Code     0  startup_stm32f427_437xx.o(.text)
    SDIO_IRQHandler                          0x0800168d   Thumb Code     0  startup_stm32f427_437xx.o(.text)
    SPI1_IRQHandler                          0x0800168d   Thumb Code     0  startup_stm32f427_437xx.o(.text)
    SPI2_IRQHandler                          0x0800168d   Thumb Code     0  startup_stm32f427_437xx.o(.text)
    SPI3_IRQHandler                          0x0800168d   Thumb Code     0  startup_stm32f427_437xx.o(.text)
    SPI4_IRQHandler                          0x0800168d   Thumb Code     0  startup_stm32f427_437xx.o(.text)
    SPI5_IRQHandler                          0x0800168d   Thumb Code     0  startup_stm32f427_437xx.o(.text)
    SPI6_IRQHandler                          0x0800168d   Thumb Code     0  startup_stm32f427_437xx.o(.text)
    TAMP_STAMP_IRQHandler                    0x0800168d   Thumb Code     0  startup_stm32f427_437xx.o(.text)
    TIM1_BRK_TIM9_IRQHandler                 0x0800168d   Thumb Code     0  startup_stm32f427_437xx.o(.text)
    TIM1_CC_IRQHandler                       0x0800168d   Thumb Code     0  startup_stm32f427_437xx.o(.text)
    TIM1_TRG_COM_TIM11_IRQHandler            0x0800168d   Thumb Code     0  startup_stm32f427_437xx.o(.text)
    TIM1_UP_TIM10_IRQHandler                 0x0800168d   Thumb Code     0  startup_stm32f427_437xx.o(.text)
    TIM2_IRQHandler                          0x0800168d   Thumb Code     0  startup_stm32f427_437xx.o(.text)
    TIM3_IRQHandler                          0x0800168d   Thumb Code     0  startup_stm32f427_437xx.o(.text)
    TIM4_IRQHandler                          0x0800168d   Thumb Code     0  startup_stm32f427_437xx.o(.text)
    TIM5_IRQHandler                          0x0800168d   Thumb Code     0  startup_stm32f427_437xx.o(.text)
    TIM6_DAC_IRQHandler                      0x0800168d   Thumb Code     0  startup_stm32f427_437xx.o(.text)
    TIM7_IRQHandler                          0x0800168d   Thumb Code     0  startup_stm32f427_437xx.o(.text)
    TIM8_BRK_TIM12_IRQHandler                0x0800168d   Thumb Code     0  startup_stm32f427_437xx.o(.text)
    TIM8_CC_IRQHandler                       0x0800168d   Thumb Code     0  startup_stm32f427_437xx.o(.text)
    TIM8_TRG_COM_TIM14_IRQHandler            0x0800168d   Thumb Code     0  startup_stm32f427_437xx.o(.text)
    TIM8_UP_TIM13_IRQHandler                 0x0800168d   Thumb Code     0  startup_stm32f427_437xx.o(.text)
    UART4_IRQHandler                         0x0800168d   Thumb Code     0  startup_stm32f427_437xx.o(.text)
    UART5_IRQHandler                         0x0800168d   Thumb Code     0  startup_stm32f427_437xx.o(.text)
    UART7_IRQHandler                         0x0800168d   Thumb Code     0  startup_stm32f427_437xx.o(.text)
    UART8_IRQHandler                         0x0800168d   Thumb Code     0  startup_stm32f427_437xx.o(.text)
    USART2_IRQHandler                        0x0800168d   Thumb Code     0  startup_stm32f427_437xx.o(.text)
    USART3_IRQHandler                        0x0800168d   Thumb Code     0  startup_stm32f427_437xx.o(.text)
    USART6_IRQHandler                        0x0800168d   Thumb Code     0  startup_stm32f427_437xx.o(.text)
    WWDG_IRQHandler                          0x0800168d   Thumb Code     0  startup_stm32f427_437xx.o(.text)
    __user_initial_stackheap                 0x08001691   Thumb Code     0  startup_stm32f427_437xx.o(.text)
    NVIC_PriorityGroupConfig                 0x080016b5   Thumb Code    10  misc.o(.text)
    NVIC_Init                                0x080016bf   Thumb Code   106  misc.o(.text)
    NVIC_SetVectorTable                      0x08001729   Thumb Code    14  misc.o(.text)
    NVIC_SystemLPConfig                      0x08001737   Thumb Code    34  misc.o(.text)
    SysTick_CLKSourceConfig                  0x08001759   Thumb Code    40  misc.o(.text)
    GPIO_DeInit                              0x08001795   Thumb Code   268  stm32f4xx_gpio.o(.text)
    GPIO_Init                                0x080018a1   Thumb Code   144  stm32f4xx_gpio.o(.text)
    GPIO_StructInit                          0x08001931   Thumb Code    18  stm32f4xx_gpio.o(.text)
    GPIO_PinLockConfig                       0x08001943   Thumb Code    34  stm32f4xx_gpio.o(.text)
    GPIO_ReadInputDataBit                    0x08001965   Thumb Code    18  stm32f4xx_gpio.o(.text)
    GPIO_ReadInputData                       0x08001977   Thumb Code     8  stm32f4xx_gpio.o(.text)
    GPIO_ReadOutputDataBit                   0x0800197f   Thumb Code    18  stm32f4xx_gpio.o(.text)
    GPIO_ReadOutputData                      0x08001991   Thumb Code     8  stm32f4xx_gpio.o(.text)
    GPIO_SetBits                             0x08001999   Thumb Code     4  stm32f4xx_gpio.o(.text)
    GPIO_ResetBits                           0x0800199d   Thumb Code     4  stm32f4xx_gpio.o(.text)
    GPIO_WriteBit                            0x080019a1   Thumb Code    10  stm32f4xx_gpio.o(.text)
    GPIO_Write                               0x080019ab   Thumb Code     4  stm32f4xx_gpio.o(.text)
    GPIO_ToggleBits                          0x080019af   Thumb Code     8  stm32f4xx_gpio.o(.text)
    GPIO_PinAFConfig                         0x080019b7   Thumb Code    70  stm32f4xx_gpio.o(.text)
    RCC_DeInit                               0x08001a29   Thumb Code    82  stm32f4xx_rcc.o(.text)
    RCC_HSEConfig                            0x08001a7b   Thumb Code    14  stm32f4xx_rcc.o(.text)
    RCC_GetFlagStatus                        0x08001a89   Thumb Code    60  stm32f4xx_rcc.o(.text)
    RCC_WaitForHSEStartUp                    0x08001ac5   Thumb Code    56  stm32f4xx_rcc.o(.text)
    RCC_AdjustHSICalibrationValue            0x08001afd   Thumb Code    20  stm32f4xx_rcc.o(.text)
    RCC_HSICmd                               0x08001b11   Thumb Code     6  stm32f4xx_rcc.o(.text)
    RCC_LSEConfig                            0x08001b17   Thumb Code    46  stm32f4xx_rcc.o(.text)
    RCC_LSICmd                               0x08001b45   Thumb Code     6  stm32f4xx_rcc.o(.text)
    RCC_PLLConfig                            0x08001b4b   Thumb Code    32  stm32f4xx_rcc.o(.text)
    RCC_PLLCmd                               0x08001b6b   Thumb Code     6  stm32f4xx_rcc.o(.text)
    RCC_PLLI2SConfig                         0x08001b71   Thumb Code    20  stm32f4xx_rcc.o(.text)
    RCC_PLLI2SCmd                            0x08001b85   Thumb Code     6  stm32f4xx_rcc.o(.text)
    RCC_PLLSAIConfig                         0x08001b8b   Thumb Code    20  stm32f4xx_rcc.o(.text)
    RCC_PLLSAICmd                            0x08001b9f   Thumb Code     6  stm32f4xx_rcc.o(.text)
    RCC_ClockSecuritySystemCmd               0x08001ba5   Thumb Code     6  stm32f4xx_rcc.o(.text)
    RCC_MCO1Config                           0x08001bab   Thumb Code    28  stm32f4xx_rcc.o(.text)
    RCC_MCO2Config                           0x08001bc7   Thumb Code    28  stm32f4xx_rcc.o(.text)
    RCC_SYSCLKConfig                         0x08001be3   Thumb Code    20  stm32f4xx_rcc.o(.text)
    RCC_GetSYSCLKSource                      0x08001bf7   Thumb Code    12  stm32f4xx_rcc.o(.text)
    RCC_HCLKConfig                           0x08001c03   Thumb Code    20  stm32f4xx_rcc.o(.text)
    RCC_PCLK1Config                          0x08001c17   Thumb Code    20  stm32f4xx_rcc.o(.text)
    RCC_PCLK2Config                          0x08001c2b   Thumb Code    22  stm32f4xx_rcc.o(.text)
    RCC_GetClocksFreq                        0x08001c41   Thumb Code   222  stm32f4xx_rcc.o(.text)
    RCC_RTCCLKConfig                         0x08001d1f   Thumb Code    54  stm32f4xx_rcc.o(.text)
    RCC_RTCCLKCmd                            0x08001d55   Thumb Code     8  stm32f4xx_rcc.o(.text)
    RCC_BackupResetCmd                       0x08001d5d   Thumb Code     8  stm32f4xx_rcc.o(.text)
    RCC_I2SCLKConfig                         0x08001d65   Thumb Code     6  stm32f4xx_rcc.o(.text)
    RCC_SAIPLLI2SClkDivConfig                0x08001d6b   Thumb Code    26  stm32f4xx_rcc.o(.text)
    RCC_SAIPLLSAIClkDivConfig                0x08001d85   Thumb Code    28  stm32f4xx_rcc.o(.text)
    RCC_SAIBlockACLKConfig                   0x08001da1   Thumb Code    20  stm32f4xx_rcc.o(.text)
    RCC_SAIBlockBCLKConfig                   0x08001db5   Thumb Code    20  stm32f4xx_rcc.o(.text)
    RCC_LTDCCLKDivConfig                     0x08001dc9   Thumb Code    20  stm32f4xx_rcc.o(.text)
    RCC_TIMCLKPresConfig                     0x08001ddd   Thumb Code     6  stm32f4xx_rcc.o(.text)
    RCC_AHB1PeriphClockCmd                   0x08001de3   Thumb Code    82  stm32f4xx_rcc.o(.text)
    RCC_AHB2PeriphClockCmd                   0x08001e35   Thumb Code    26  stm32f4xx_rcc.o(.text)
    RCC_AHB3PeriphClockCmd                   0x08001e4f   Thumb Code    34  stm32f4xx_rcc.o(.text)
    RCC_APB1PeriphClockCmd                   0x08001e71   Thumb Code    34  stm32f4xx_rcc.o(.text)
    RCC_APB2PeriphClockCmd                   0x08001e93   Thumb Code    34  stm32f4xx_rcc.o(.text)
    RCC_AHB1PeriphResetCmd                   0x08001eb5   Thumb Code    34  stm32f4xx_rcc.o(.text)
    RCC_AHB2PeriphResetCmd                   0x08001ed7   Thumb Code    34  stm32f4xx_rcc.o(.text)
    RCC_AHB3PeriphResetCmd                   0x08001ef9   Thumb Code    34  stm32f4xx_rcc.o(.text)
    RCC_APB1PeriphResetCmd                   0x08001f1b   Thumb Code    34  stm32f4xx_rcc.o(.text)
    RCC_APB2PeriphResetCmd                   0x08001f3d   Thumb Code    34  stm32f4xx_rcc.o(.text)
    RCC_AHB1PeriphClockLPModeCmd             0x08001f5f   Thumb Code    34  stm32f4xx_rcc.o(.text)
    RCC_AHB2PeriphClockLPModeCmd             0x08001f81   Thumb Code    34  stm32f4xx_rcc.o(.text)
    RCC_AHB3PeriphClockLPModeCmd             0x08001fa3   Thumb Code    34  stm32f4xx_rcc.o(.text)
    RCC_APB1PeriphClockLPModeCmd             0x08001fc5   Thumb Code    34  stm32f4xx_rcc.o(.text)
    RCC_APB2PeriphClockLPModeCmd             0x08001fe7   Thumb Code    34  stm32f4xx_rcc.o(.text)
    RCC_LSEModeConfig                        0x08002009   Thumb Code    40  stm32f4xx_rcc.o(.text)
    RCC_ITConfig                             0x08002031   Thumb Code    34  stm32f4xx_rcc.o(.text)
    RCC_ClearFlag                            0x08002053   Thumb Code    18  stm32f4xx_rcc.o(.text)
    RCC_GetITStatus                          0x08002065   Thumb Code    22  stm32f4xx_rcc.o(.text)
    RCC_ClearITPendingBit                    0x0800207b   Thumb Code     8  stm32f4xx_rcc.o(.text)
    SPI_I2S_DeInit                           0x08002089   Thumb Code   152  stm32f4xx_spi.o(.text)
    SPI_Init                                 0x08002121   Thumb Code    60  stm32f4xx_spi.o(.text)
    I2S_Init                                 0x0800215d   Thumb Code   396  stm32f4xx_spi.o(.text)
    SPI_StructInit                           0x080022e9   Thumb Code    24  stm32f4xx_spi.o(.text)
    I2S_StructInit                           0x08002301   Thumb Code    20  stm32f4xx_spi.o(.text)
    SPI_Cmd                                  0x08002315   Thumb Code    24  stm32f4xx_spi.o(.text)
    I2S_Cmd                                  0x0800232d   Thumb Code    24  stm32f4xx_spi.o(.text)
    SPI_DataSizeConfig                       0x08002345   Thumb Code    18  stm32f4xx_spi.o(.text)
    SPI_BiDirectionalLineConfig              0x08002357   Thumb Code    28  stm32f4xx_spi.o(.text)
    SPI_NSSInternalSoftwareConfig            0x08002373   Thumb Code    30  stm32f4xx_spi.o(.text)
    SPI_SSOutputCmd                          0x08002391   Thumb Code    24  stm32f4xx_spi.o(.text)
    SPI_TIModeCmd                            0x080023a9   Thumb Code    24  stm32f4xx_spi.o(.text)
    I2S_FullDuplexConfig                     0x080023c1   Thumb Code    80  stm32f4xx_spi.o(.text)
    SPI_I2S_ReceiveData                      0x08002411   Thumb Code     6  stm32f4xx_spi.o(.text)
    SPI_I2S_SendData                         0x08002417   Thumb Code     4  stm32f4xx_spi.o(.text)
    SPI_CalculateCRC                         0x0800241b   Thumb Code    24  stm32f4xx_spi.o(.text)
    SPI_TransmitCRC                          0x08002433   Thumb Code    10  stm32f4xx_spi.o(.text)
    SPI_GetCRC                               0x0800243d   Thumb Code    16  stm32f4xx_spi.o(.text)
    SPI_GetCRCPolynomial                     0x0800244d   Thumb Code     6  stm32f4xx_spi.o(.text)
    SPI_I2S_DMACmd                           0x08002453   Thumb Code    18  stm32f4xx_spi.o(.text)
    SPI_I2S_ITConfig                         0x08002465   Thumb Code    68  stm32f4xx_spi.o(.text)
    SPI_I2S_GetFlagStatus                    0x080024a9   Thumb Code    18  stm32f4xx_spi.o(.text)
    SPI_I2S_ClearFlag                        0x080024bb   Thumb Code     6  stm32f4xx_spi.o(.text)
    SPI_I2S_GetITStatus                      0x080024c1   Thumb Code    52  stm32f4xx_spi.o(.text)
    SPI_I2S_ClearITPendingBit                0x080024f5   Thumb Code    20  stm32f4xx_spi.o(.text)
    USART_DeInit                             0x08002509   Thumb Code   206  stm32f4xx_usart.o(.text)
    USART_Init                               0x080025d7   Thumb Code   204  stm32f4xx_usart.o(.text)
    USART_StructInit                         0x080026a3   Thumb Code    24  stm32f4xx_usart.o(.text)
    USART_ClockInit                          0x080026bb   Thumb Code    32  stm32f4xx_usart.o(.text)
    USART_ClockStructInit                    0x080026db   Thumb Code    12  stm32f4xx_usart.o(.text)
    USART_Cmd                                0x080026e7   Thumb Code    24  stm32f4xx_usart.o(.text)
    USART_SetPrescaler                       0x080026ff   Thumb Code    16  stm32f4xx_usart.o(.text)
    USART_OverSampling8Cmd                   0x0800270f   Thumb Code    22  stm32f4xx_usart.o(.text)
    USART_OneBitMethodCmd                    0x08002725   Thumb Code    24  stm32f4xx_usart.o(.text)
    USART_SendData                           0x0800273d   Thumb Code     8  stm32f4xx_usart.o(.text)
    USART_ReceiveData                        0x08002745   Thumb Code    10  stm32f4xx_usart.o(.text)
    USART_SetAddress                         0x0800274f   Thumb Code    18  stm32f4xx_usart.o(.text)
    USART_ReceiverWakeUpCmd                  0x08002761   Thumb Code    24  stm32f4xx_usart.o(.text)
    USART_WakeUpConfig                       0x08002779   Thumb Code    18  stm32f4xx_usart.o(.text)
    USART_LINBreakDetectLengthConfig         0x0800278b   Thumb Code    18  stm32f4xx_usart.o(.text)
    USART_LINCmd                             0x0800279d   Thumb Code    24  stm32f4xx_usart.o(.text)
    USART_SendBreak                          0x080027b5   Thumb Code    10  stm32f4xx_usart.o(.text)
    USART_HalfDuplexCmd                      0x080027bf   Thumb Code    24  stm32f4xx_usart.o(.text)
    USART_SetGuardTime                       0x080027d7   Thumb Code    16  stm32f4xx_usart.o(.text)
    USART_SmartCardCmd                       0x080027e7   Thumb Code    24  stm32f4xx_usart.o(.text)
    USART_SmartCardNACKCmd                   0x080027ff   Thumb Code    24  stm32f4xx_usart.o(.text)
    USART_IrDAConfig                         0x08002817   Thumb Code    18  stm32f4xx_usart.o(.text)
    USART_IrDACmd                            0x08002829   Thumb Code    24  stm32f4xx_usart.o(.text)
    USART_DMACmd                             0x08002841   Thumb Code    18  stm32f4xx_usart.o(.text)
    USART_ITConfig                           0x08002853   Thumb Code    74  stm32f4xx_usart.o(.text)
    USART_GetFlagStatus                      0x0800289d   Thumb Code    26  stm32f4xx_usart.o(.text)
    USART_ClearFlag                          0x080028b7   Thumb Code    18  stm32f4xx_usart.o(.text)
    USART_GetITStatus                        0x080028c9   Thumb Code   118  stm32f4xx_usart.o(.text)
    USART_ClearITPendingBit                  0x0800293f   Thumb Code    30  stm32f4xx_usart.o(.text)
    __use_no_semihosting                     0x0800295d   Thumb Code     2  use_no_semi_2.o(.text)
    __use_two_region_memory                  0x0800295f   Thumb Code     2  heapauxi.o(.text)
    __rt_heap_escrow$2region                 0x08002961   Thumb Code     2  heapauxi.o(.text)
    __rt_heap_expand$2region                 0x08002963   Thumb Code     2  heapauxi.o(.text)
    __I$use$semihosting                      0x08002965   Thumb Code     0  use_no_semi.o(.text)
    __use_no_semihosting_swi                 0x08002965   Thumb Code     2  use_no_semi.o(.text)
    __read_errno                             0x08002967   Thumb Code    10  _rserrno.o(.text)
    __set_errno                              0x08002971   Thumb Code    12  _rserrno.o(.text)
    __aeabi_errno_addr                       0x0800297d   Thumb Code     8  rt_errno_addr_intlibspace.o(.text)
    __errno$intlibspace                      0x0800297d   Thumb Code     0  rt_errno_addr_intlibspace.o(.text)
    __rt_errno_addr$intlibspace              0x0800297d   Thumb Code     0  rt_errno_addr_intlibspace.o(.text)
    __user_libspace                          0x08002985   Thumb Code     8  libspace.o(.text)
    __user_perproc_libspace                  0x08002985   Thumb Code     0  libspace.o(.text)
    __user_perthread_libspace                0x08002985   Thumb Code     0  libspace.o(.text)
    __user_setup_stackheap                   0x0800298d   Thumb Code    74  sys_stackheap_outer.o(.text)
    exit                                     0x080029d7   Thumb Code    12  exit.o(.text)
    __hardfp_acos                            0x080029e9   Thumb Code   738  acos.o(i.__hardfp_acos)
    __hardfp_sqrt                            0x08002d41   Thumb Code   122  sqrt.o(i.__hardfp_sqrt)
    __kernel_poly                            0x08002dbb   Thumb Code   248  poly.o(i.__kernel_poly)
    __mathlib_dbl_infnan                     0x08002eb3   Thumb Code    20  dunder.o(i.__mathlib_dbl_infnan)
    __mathlib_dbl_invalid                    0x08002ec9   Thumb Code    24  dunder.o(i.__mathlib_dbl_invalid)
    sqrt                                     0x08002ee9   Thumb Code   110  sqrt.o(i.sqrt)
    __aeabi_d2f                              0x08002f59   Thumb Code     0  d2f.o(x$fpl$d2f)
    _d2f                                     0x08002f59   Thumb Code    98  d2f.o(x$fpl$d2f)
    __aeabi_dadd                             0x08002fbd   Thumb Code     0  daddsub_clz.o(x$fpl$dadd)
    _dadd                                    0x08002fbd   Thumb Code   332  daddsub_clz.o(x$fpl$dadd)
    __aeabi_ddiv                             0x0800310d   Thumb Code     0  ddiv.o(x$fpl$ddiv)
    _ddiv                                    0x0800310d   Thumb Code   552  ddiv.o(x$fpl$ddiv)
    __aeabi_dmul                             0x080033bd   Thumb Code     0  dmul.o(x$fpl$dmul)
    _dmul                                    0x080033bd   Thumb Code   332  dmul.o(x$fpl$dmul)
    __fpl_dnaninf                            0x08003511   Thumb Code   156  dnaninf.o(x$fpl$dnaninf)
    __fpl_dretinf                            0x080035ad   Thumb Code    12  dretinf.o(x$fpl$dretinf)
    __aeabi_drsub                            0x080035b9   Thumb Code     0  daddsub_clz.o(x$fpl$drsb)
    _drsb                                    0x080035b9   Thumb Code    22  daddsub_clz.o(x$fpl$drsb)
    _dsqrt                                   0x080035d1   Thumb Code   404  dsqrt_umaal.o(x$fpl$dsqrt)
    __aeabi_dsub                             0x08003769   Thumb Code     0  daddsub_clz.o(x$fpl$dsub)
    _dsub                                    0x08003769   Thumb Code   464  daddsub_clz.o(x$fpl$dsub)
    __aeabi_f2d                              0x0800393d   Thumb Code     0  f2d.o(x$fpl$f2d)
    _f2d                                     0x0800393d   Thumb Code    86  f2d.o(x$fpl$f2d)
    __fpl_fnaninf                            0x08003993   Thumb Code   140  fnaninf.o(x$fpl$fnaninf)
    _fp_init                                 0x08003a1f   Thumb Code    10  fpinit.o(x$fpl$fpinit)
    __fplib_config_fpu_vfp                   0x08003a27   Thumb Code     0  fpinit.o(x$fpl$fpinit)
    __fplib_config_pureend_doubles           0x08003a27   Thumb Code     0  fpinit.o(x$fpl$fpinit)
    __fpl_fretinf                            0x08003a29   Thumb Code    10  fretinf.o(x$fpl$fretinf)
    __I$use$fp                               0x08003a32   Number         0  usenofp.o(x$fpl$usenofp)
    Region$$Table$$Base                      0x08003a88   Number         0  anon$$obj.o(Region$$Table)
    Region$$Table$$Limit                     0x08003aa8   Number         0  anon$$obj.o(Region$$Table)
    detect                                   0x20000000   Data           1  main.o(.data)
    _mpu6500_acc_x                           0x20000004   Data           4  main.o(.data)
    _mpu6500_acc_y                           0x20000008   Data           4  main.o(.data)
    _mpu6500_acc_z                           0x2000000c   Data           4  main.o(.data)
    _mpu6500_gyro_x                          0x20000010   Data           4  main.o(.data)
    _mpu6500_gyro_y                          0x20000014   Data           4  main.o(.data)
    _mpu6500_gyro_z                          0x20000018   Data           4  main.o(.data)
    _l3gd20_gyro_x                           0x2000001c   Data           4  main.o(.data)
    _l3gd20_gyro_y                           0x20000020   Data           4  main.o(.data)
    _l3gd20_gyro_z                           0x20000024   Data           4  main.o(.data)
    _lsm303d_acc_x                           0x20000028   Data           4  main.o(.data)
    _lsm303d_acc_y                           0x2000002c   Data           4  main.o(.data)
    _lsm303d_acc_z                           0x20000030   Data           4  main.o(.data)
    val                                      0x20000038   Data           1  lsm303.o(.data)
    __stdout                                 0x2000004c   Data           4  usart.o(.data)
    USART_RX_STA                             0x20000050   Data           2  usart.o(.data)
    mpu6500_acc                              0x20000064   Data          12  main.o(.bss)
    mpu6500_gyro                             0x20000070   Data          12  main.o(.bss)
    l3gd20_gyro                              0x2000007c   Data          12  main.o(.bss)
    lsm303d_acc                              0x20000088   Data          12  main.o(.bss)
    USART_RX_BUF                             0x20000094   Data         200  usart.o(.bss)
    __libspace_start                         0x2000015c   Data          96  libspace.o(.bss)
    __temporary_stack_top$libspace           0x200001bc   Data           0  libspace.o(.bss)



==============================================================================

Memory Map of the image

  Image Entry point : 0x080001ad

  Load Region LR_IROM1 (Base: 0x08000000, Size: 0x00003b0c, Max: 0x00200000, ABSOLUTE)

    Execution Region ER_IROM1 (Base: 0x08000000, Size: 0x00003aa8, Max: 0x00200000, ABSOLUTE)

    Base Addr    Size         Type   Attr      Idx    E Section Name        Object

    0x08000000   0x000001ac   Data   RO          487    RESET               startup_stm32f427_437xx.o
    0x080001ac   0x00000008   Code   RO          620  * !!!main             c_w.l(__main.o)
    0x080001b4   0x00000034   Code   RO          933    !!!scatter          c_w.l(__scatter.o)
    0x080001e8   0x0000001a   Code   RO          935    !!handler_copy      c_w.l(__scatter_copy.o)
    0x08000202   0x00000002   PAD
    0x08000204   0x0000001c   Code   RO          937    !!handler_zi        c_w.l(__scatter_zi.o)
    0x08000220   0x00000002   Code   RO          811    .ARM.Collect$$libinit$$00000000  c_w.l(libinit.o)
    0x08000222   0x00000004   Code   RO          814    .ARM.Collect$$libinit$$00000001  c_w.l(libinit2.o)
    0x08000226   0x00000000   Code   RO          817    .ARM.Collect$$libinit$$00000004  c_w.l(libinit2.o)
    0x08000226   0x00000000   Code   RO          820    .ARM.Collect$$libinit$$0000000A  c_w.l(libinit2.o)
    0x08000226   0x00000000   Code   RO          822    .ARM.Collect$$libinit$$0000000C  c_w.l(libinit2.o)
    0x08000226   0x00000000   Code   RO          824    .ARM.Collect$$libinit$$0000000E  c_w.l(libinit2.o)
    0x08000226   0x00000000   Code   RO          827    .ARM.Collect$$libinit$$00000011  c_w.l(libinit2.o)
    0x08000226   0x00000000   Code   RO          829    .ARM.Collect$$libinit$$00000013  c_w.l(libinit2.o)
    0x08000226   0x00000000   Code   RO          831    .ARM.Collect$$libinit$$00000015  c_w.l(libinit2.o)
    0x08000226   0x00000000   Code   RO          833    .ARM.Collect$$libinit$$00000017  c_w.l(libinit2.o)
    0x08000226   0x00000000   Code   RO          835    .ARM.Collect$$libinit$$00000019  c_w.l(libinit2.o)
    0x08000226   0x00000000   Code   RO          837    .ARM.Collect$$libinit$$0000001B  c_w.l(libinit2.o)
    0x08000226   0x00000000   Code   RO          839    .ARM.Collect$$libinit$$0000001D  c_w.l(libinit2.o)
    0x08000226   0x00000000   Code   RO          841    .ARM.Collect$$libinit$$0000001F  c_w.l(libinit2.o)
    0x08000226   0x00000000   Code   RO          843    .ARM.Collect$$libinit$$00000021  c_w.l(libinit2.o)
    0x08000226   0x00000000   Code   RO          845    .ARM.Collect$$libinit$$00000023  c_w.l(libinit2.o)
    0x08000226   0x00000000   Code   RO          847    .ARM.Collect$$libinit$$00000025  c_w.l(libinit2.o)
    0x08000226   0x00000000   Code   RO          851    .ARM.Collect$$libinit$$0000002C  c_w.l(libinit2.o)
    0x08000226   0x00000000   Code   RO          853    .ARM.Collect$$libinit$$0000002E  c_w.l(libinit2.o)
    0x08000226   0x00000000   Code   RO          855    .ARM.Collect$$libinit$$00000030  c_w.l(libinit2.o)
    0x08000226   0x00000000   Code   RO          857    .ARM.Collect$$libinit$$00000032  c_w.l(libinit2.o)
    0x08000226   0x00000002   Code   RO          858    .ARM.Collect$$libinit$$00000033  c_w.l(libinit2.o)
    0x08000228   0x00000002   Code   RO          876    .ARM.Collect$$libshutdown$$00000000  c_w.l(libshutdown.o)
    0x0800022a   0x00000000   Code   RO          887    .ARM.Collect$$libshutdown$$00000003  c_w.l(libshutdown2.o)
    0x0800022a   0x00000000   Code   RO          890    .ARM.Collect$$libshutdown$$00000006  c_w.l(libshutdown2.o)
    0x0800022a   0x00000000   Code   RO          893    .ARM.Collect$$libshutdown$$00000009  c_w.l(libshutdown2.o)
    0x0800022a   0x00000000   Code   RO          895    .ARM.Collect$$libshutdown$$0000000B  c_w.l(libshutdown2.o)
    0x0800022a   0x00000000   Code   RO          898    .ARM.Collect$$libshutdown$$0000000E  c_w.l(libshutdown2.o)
    0x0800022a   0x00000002   Code   RO          899    .ARM.Collect$$libshutdown$$0000000F  c_w.l(libshutdown2.o)
    0x0800022c   0x00000000   Code   RO          726    .ARM.Collect$$rtentry$$00000000  c_w.l(__rtentry.o)
    0x0800022c   0x00000000   Code   RO          778    .ARM.Collect$$rtentry$$00000002  c_w.l(__rtentry2.o)
    0x0800022c   0x00000006   Code   RO          790    .ARM.Collect$$rtentry$$00000004  c_w.l(__rtentry4.o)
    0x08000232   0x00000000   Code   RO          780    .ARM.Collect$$rtentry$$00000009  c_w.l(__rtentry2.o)
    0x08000232   0x00000004   Code   RO          781    .ARM.Collect$$rtentry$$0000000A  c_w.l(__rtentry2.o)
    0x08000236   0x00000000   Code   RO          783    .ARM.Collect$$rtentry$$0000000C  c_w.l(__rtentry2.o)
    0x08000236   0x00000008   Code   RO          784    .ARM.Collect$$rtentry$$0000000D  c_w.l(__rtentry2.o)
    0x0800023e   0x00000002   Code   RO          812    .ARM.Collect$$rtexit$$00000000  c_w.l(rtexit.o)
    0x08000240   0x00000000   Code   RO          860    .ARM.Collect$$rtexit$$00000002  c_w.l(rtexit2.o)
    0x08000240   0x00000004   Code   RO          861    .ARM.Collect$$rtexit$$00000003  c_w.l(rtexit2.o)
    0x08000244   0x00000006   Code   RO          862    .ARM.Collect$$rtexit$$00000004  c_w.l(rtexit2.o)
    0x0800024a   0x00000002   PAD
    0x0800024c   0x000001f4   Code   RO            3    .text               main.o
    0x08000440   0x0000001a   Code   RO          189    .text               stm32f4xx_it.o
    0x0800045a   0x00000002   PAD
    0x0800045c   0x00000234   Code   RO          311    .text               mpu6000.o
    0x08000690   0x0000035c   Code   RO          332    .text               drv_spi.o
    0x080009ec   0x00000280   Code   RO          352    .text               mpu6500.o
    0x08000c6c   0x00000208   Code   RO          373    .text               l3gd20.o
    0x08000e74   0x0000057c   Code   RO          393    .text               lsm303.o
    0x080013f0   0x00000130   Code   RO          416    .text               delay.o
    0x08001520   0x0000014c   Code   RO          456    .text               usart.o
    0x0800166c   0x00000048   Code   RO          488    .text               startup_stm32f427_437xx.o
    0x080016b4   0x000000e0   Code   RO          494    .text               misc.o
    0x08001794   0x00000294   Code   RO          514    .text               stm32f4xx_gpio.o
    0x08001a28   0x00000660   Code   RO          534    .text               stm32f4xx_rcc.o
    0x08002088   0x00000480   Code   RO          556    .text               stm32f4xx_spi.o
    0x08002508   0x00000454   Code   RO          596    .text               stm32f4xx_usart.o
    0x0800295c   0x00000002   Code   RO          616    .text               c_w.l(use_no_semi_2.o)
    0x0800295e   0x00000006   Code   RO          618    .text               c_w.l(heapauxi.o)
    0x08002964   0x00000002   Code   RO          724    .text               c_w.l(use_no_semi.o)
    0x08002966   0x00000016   Code   RO          727    .text               c_w.l(_rserrno.o)
    0x0800297c   0x00000008   Code   RO          795    .text               c_w.l(rt_errno_addr_intlibspace.o)
    0x08002984   0x00000008   Code   RO          799    .text               c_w.l(libspace.o)
    0x0800298c   0x0000004a   Code   RO          802    .text               c_w.l(sys_stackheap_outer.o)
    0x080029d6   0x0000000c   Code   RO          804    .text               c_w.l(exit.o)
    0x080029e2   0x00000006   PAD
    0x080029e8   0x00000358   Code   RO          638    i.__hardfp_acos     m_wm.l(acos.o)
    0x08002d40   0x0000007a   Code   RO          700    i.__hardfp_sqrt     m_wm.l(sqrt.o)
    0x08002dba   0x000000f8   Code   RO          772    i.__kernel_poly     m_wm.l(poly.o)
    0x08002eb2   0x00000014   Code   RO          743    i.__mathlib_dbl_infnan  m_wm.l(dunder.o)
    0x08002ec6   0x00000002   PAD
    0x08002ec8   0x00000020   Code   RO          745    i.__mathlib_dbl_invalid  m_wm.l(dunder.o)
    0x08002ee8   0x0000006e   Code   RO          702    i.sqrt              m_wm.l(sqrt.o)
    0x08002f56   0x00000002   PAD
    0x08002f58   0x00000062   Code   RO          622    x$fpl$d2f           fz_wm.l(d2f.o)
    0x08002fba   0x00000002   PAD
    0x08002fbc   0x00000150   Code   RO          624    x$fpl$dadd          fz_wm.l(daddsub_clz.o)
    0x0800310c   0x000002b0   Code   RO          631    x$fpl$ddiv          fz_wm.l(ddiv.o)
    0x080033bc   0x00000154   Code   RO          634    x$fpl$dmul          fz_wm.l(dmul.o)
    0x08003510   0x0000009c   Code   RO          731    x$fpl$dnaninf       fz_wm.l(dnaninf.o)
    0x080035ac   0x0000000c   Code   RO          733    x$fpl$dretinf       fz_wm.l(dretinf.o)
    0x080035b8   0x00000016   Code   RO          625    x$fpl$drsb          fz_wm.l(daddsub_clz.o)
    0x080035ce   0x00000002   PAD
    0x080035d0   0x00000198   Code   RO          735    x$fpl$dsqrt         fz_wm.l(dsqrt_umaal.o)
    0x08003768   0x000001d4   Code   RO          626    x$fpl$dsub          fz_wm.l(daddsub_clz.o)
    0x0800393c   0x00000056   Code   RO          636    x$fpl$f2d           fz_wm.l(f2d.o)
    0x08003992   0x0000008c   Code   RO          737    x$fpl$fnaninf       fz_wm.l(fnaninf.o)
    0x08003a1e   0x0000000a   Code   RO          868    x$fpl$fpinit        fz_wm.l(fpinit.o)
    0x08003a28   0x0000000a   Code   RO          739    x$fpl$fretinf       fz_wm.l(fretinf.o)
    0x08003a32   0x00000000   Code   RO          741    x$fpl$usenofp       fz_wm.l(usenofp.o)
    0x08003a32   0x00000006   PAD
    0x08003a38   0x00000050   Data   RO          641    .constdata          m_wm.l(acos.o)
    0x08003a88   0x00000020   Data   RO          931    Region$$Table       anon$$obj.o


    Execution Region RW_IRAM1 (Base: 0x20000000, Size: 0x00000fc0, Max: 0x00030000, ABSOLUTE)

    Base Addr    Size         Type   Attr      Idx    E Section Name        Object

    0x20000000   0x00000034   Data   RW            6    .data               main.o
    0x20000034   0x00000002   Data   RW          312    .data               mpu6000.o
    0x20000036   0x00000002   Data   RW          353    .data               mpu6500.o
    0x20000038   0x00000010   Data   RW          394    .data               lsm303.o
    0x20000048   0x00000004   Data   RW          417    .data               delay.o
    0x2000004c   0x00000006   Data   RW          458    .data               usart.o
    0x20000052   0x00000010   Data   RW          535    .data               stm32f4xx_rcc.o
    0x20000062   0x00000002   PAD
    0x20000064   0x00000030   Zero   RW            4    .bss                main.o
    0x20000094   0x000000c8   Zero   RW          457    .bss                usart.o
    0x2000015c   0x00000060   Zero   RW          800    .bss                c_w.l(libspace.o)
    0x200001bc   0x00000004   PAD
    0x200001c0   0x00000600   Zero   RW          486    HEAP                startup_stm32f427_437xx.o
    0x200007c0   0x00000800   Zero   RW          485    STACK               startup_stm32f427_437xx.o


==============================================================================

Image component sizes


      Code (inc. data)   RO Data    RW Data    ZI Data      Debug   Object Name

       304         10          0          4          0       1833   delay.o
       860         20          0          0          0       3452   drv_spi.o
       520         20          0          0          0       2040   l3gd20.o
      1404         58          0         16          0       3703   lsm303.o
       500         78          0         52         48     281771   main.o
       224         20          0          0          0       1777   misc.o
       564         22          0          2          0       4520   mpu6000.o
       640         16          0          2          0       4668   mpu6500.o
        72         28        428          0       3584        828   startup_stm32f427_437xx.o
       660         44          0          0          0       4057   stm32f4xx_gpio.o
        26          0          0          0          0       1202   stm32f4xx_it.o
      1632         54          0         16          0      12880   stm32f4xx_rcc.o
      1152         36          0          0          0       6805   stm32f4xx_spi.o
      1108         34          0          0          0       7756   stm32f4xx_usart.o
       332         18          0          6        200       3238   usart.o

    ----------------------------------------------------------------------
     10000        458        460        100       3832     340530   Object Totals
         0          0         32          0          0          0   (incl. Generated)
         2          0          0          2          0          0   (incl. Padding)

    ----------------------------------------------------------------------

      Code (inc. data)   RO Data    RW Data    ZI Data      Debug   Library Member Name

         8          0          0          0          0         68   __main.o
         0          0          0          0          0          0   __rtentry.o
        12          0          0          0          0          0   __rtentry2.o
         6          0          0          0          0          0   __rtentry4.o
        52          8          0          0          0          0   __scatter.o
        26          0          0          0          0          0   __scatter_copy.o
        28          0          0          0          0          0   __scatter_zi.o
        22          0          0          0          0        100   _rserrno.o
        12          0          0          0          0         72   exit.o
         6          0          0          0          0        152   heapauxi.o
         2          0          0          0          0          0   libinit.o
         6          0          0          0          0          0   libinit2.o
         2          0          0          0          0          0   libshutdown.o
         2          0          0          0          0          0   libshutdown2.o
         8          4          0          0         96         68   libspace.o
         8          4          0          0          0         68   rt_errno_addr_intlibspace.o
         2          0          0          0          0          0   rtexit.o
        10          0          0          0          0          0   rtexit2.o
        74          0          0          0          0         80   sys_stackheap_outer.o
         2          0          0          0          0         68   use_no_semi.o
         2          0          0          0          0         68   use_no_semi_2.o
        98          4          0          0          0        140   d2f.o
       826         16          0          0          0        492   daddsub_clz.o
       688        140          0          0          0        256   ddiv.o
       340         12          0          0          0        152   dmul.o
       156          4          0          0          0        140   dnaninf.o
        12          0          0          0          0        116   dretinf.o
       408         56          0          0          0        168   dsqrt_umaal.o
        86          4          0          0          0        132   f2d.o
       140          4          0          0          0        132   fnaninf.o
        10          0          0          0          0        116   fpinit.o
        10          0          0          0          0        116   fretinf.o
         0          0          0          0          0          0   usenofp.o
       856        118         80          0          0        288   acos.o
        52          8          0          0          0        248   dunder.o
       248          0          0          0          0        152   poly.o
       232          0          0          0          0        296   sqrt.o

    ----------------------------------------------------------------------
      4476        382         80          0        100       3688   Library Totals
        24          0          0          0          4          0   (incl. Padding)

    ----------------------------------------------------------------------

      Code (inc. data)   RO Data    RW Data    ZI Data      Debug   Library Name

       290         16          0          0         96        744   c_w.l
      2774        240          0          0          0       1960   fz_wm.l
      1388        126         80          0          0        984   m_wm.l

    ----------------------------------------------------------------------
      4476        382         80          0        100       3688   Library Totals

    ----------------------------------------------------------------------

==============================================================================


      Code (inc. data)   RO Data    RW Data    ZI Data      Debug   

     14476        840        540        100       3932     339658   Grand Totals
     14476        840        540        100       3932     339658   ELF Image Totals
     14476        840        540        100          0          0   ROM Totals

==============================================================================

    Total RO  Size (Code + RO Data)                15016 (  14.66kB)
    Total RW  Size (RW Data + ZI Data)              4032 (   3.94kB)
    Total ROM Size (Code + RO Data + RW Data)      15116 (  14.76kB)

==============================================================================

