<html>
<body>
<pre>
<h1>礦ision Build Log</h1>
<h2>Tool Versions:</h2>
IDE-Version: μVision V5.15
Copyright (C) 2015 ARM Ltd and ARM Germany GmbH. All rights reserved.
License Information: w ,  , LIC=P6FZ9-4C1HT-05WTY-IM16T-E3BTD-37MKX
 
Tool Versions:
Toolchain:       MDK-ARM Professional  Version: 5.15.0
Toolchain Path:  E:\ARM\ARMCC\Bin
C Compiler:      Armcc.exe V5.05 update 2 (build 169)
Assembler:       Armasm.exe V5.05 update 2 (build 169)
Linker/Locator:  ArmLink.exe V5.05 update 2 (build 169)
Library Manager: ArmAr.exe V5.05 update 2 (build 169)
Hex Converter:   FromElf.exe V5.05 update 2 (build 169)
CPU DLL:         SARMCM3.DLL V5.15.0
Dialog DLL:      DCM.DLL V1.13.2.0
Target DLL:      Segger\JL2CM3.dll V2.99.15.0
Dialog DLL:      TCM.DLL V1.14.5.0
 
<h2>Project:</h2>
F:\实验25 SPI实验\USER\SPI.uvprojx
Project File Date:  10/09/2018

<h2>Output:</h2>
*** Using Compiler 'V5.05 update 2 (build 169)', folder: 'E:\ARM\ARMCC\Bin'
Build target 'SPI'
compiling main.c...
compiling stm32f4xx_it.c...
compiling system_stm32f4xx.c...
compiling mathTool.c...
compiling vector3.c...
compiling mpu6000.c...
compiling drv_spi.c...
compiling mpu6500.c...
compiling L3GD20.c...
compiling LSM303.c...
..\HARDWARE\LSM303D\LSM303.c(95): warning:  #550-D: variable "Magn_Sensitivity_XY" was set but never used
        unsigned int Magn_Sensitivity_XY = 0, Magn_Sensitivity_Z = 0;
..\HARDWARE\LSM303D\LSM303.c(159): warning:  #177-D: variable "ctrlx" was declared but never referenced
    static unsigned char buffer[6]={0}, ctrlx[2],i; 
..\HARDWARE\LSM303D\LSM303.c(159): warning:  #177-D: variable "i" was declared but never referenced
    static unsigned char buffer[6]={0}, ctrlx[2],i; 
..\HARDWARE\LSM303D\LSM303.c(160): warning:  #177-D: variable "cDivider" was declared but never referenced
        unsigned char cDivider;
..\HARDWARE\LSM303D\LSM303.c(161): warning:  #177-D: variable "pnRawData" was declared but never referenced
    signed short  int pnRawData[3];
..\HARDWARE\LSM303D\LSM303.c(163): warning:  #177-D: variable "cen" was declared but never referenced
        int16_t cen;
..\HARDWARE\LSM303D\LSM303.c(260): warning:  #1035-D: single-precision operand implicitly converted to double-precision
        fCosRoll = sqrt(1.0-(fSinRoll * fSinRoll));
..\HARDWARE\LSM303D\LSM303.c(262): warning:  #1035-D: single-precision operand implicitly converted to double-precision
        fCosPitch = sqrt(1.0-(fSinPitch * fSinPitch));
..\HARDWARE\LSM303D\LSM303.c: 8 warnings, 0 errors
compiling delay.c...
compiling sys.c...
compiling usart.c...
..\SYSTEM\usart\usart.c(50): warning:  #940-D: missing return statement at end of non-void function "_sys_exit"
  } 
..\SYSTEM\usart\usart.c: 1 warning, 0 errors
assembling startup_stm32f427_437xx.s...
compiling misc.c...
compiling stm32f4xx_gpio.c...
compiling stm32f4xx_rcc.c...
compiling stm32f4xx_spi.c...
compiling stm32f4xx_syscfg.c...
compiling stm32f4xx_usart.c...
linking...
Program Size: Code=14476 RO-data=540 RW-data=100 ZI-data=3932  
FromELF: creating hex file...
"..\OBJ\SPI.axf" - 0 Error(s), 9 Warning(s).

<h2>Collection of Component include folders:</h2>
  F:\实验25 SPI实验\USER\RTE
  E:\ARM\PACK\Keil\STM32F4xx_DFP\2.5.0\Drivers\CMSIS\Device\ST\STM32F4xx\Include

<h2>Collection of Component Files used:</h2>
</pre>
</body>
</html>
